
Discarded input sections

 .text          0x0000000000000000        0x0 MY_DHT22.o
 .data          0x0000000000000000        0x0 MY_DHT22.o
 .bss           0x0000000000000000        0x0 MY_DHT22.o
 .text          0x0000000000000000        0x0 adc.o
 .data          0x0000000000000000        0x0 adc.o
 .bss           0x0000000000000000        0x0 adc.o
 .text          0x0000000000000000       0x58 aeabi.o
 .data          0x0000000000000000        0x0 aeabi.o
 .bss           0x0000000000000000        0x0 aeabi.o
 .ARM.attributes
                0x0000000000000000       0x20 aeabi.o
 .text          0x0000000000000000        0x0 arp.o
 .data          0x0000000000000000        0x0 arp.o
 .bss           0x0000000000000000        0x0 arp.o
 .text          0x0000000000000000        0x0 bootp.o
 .data          0x0000000000000000        0x0 bootp.o
 .bss           0x0000000000000000        0x0 bootp.o
 .text.bootp_make_request
                0x0000000000000000       0x74 bootp.o
 .text.bootp_handle_reply
                0x0000000000000000       0xa4 bootp.o
 .text.bootp_boot
                0x0000000000000000       0x80 bootp.o
 .bss.temp_xid  0x0000000000000000        0x4 bootp.o
 .rodata.replycookie
                0x0000000000000000        0x4 bootp.o
 .data.mincookie
                0x0000000000000000        0x5 bootp.o
 .comment       0x0000000000000000       0x46 bootp.o
 .ARM.attributes
                0x0000000000000000       0x34 bootp.o
 .text          0x0000000000000000        0x0 coos.o
 .data          0x0000000000000000        0x0 coos.o
 .bss           0x0000000000000000        0x0 coos.o
 .text.task_id  0x0000000000000000        0xc coos.o
 .text.task_mq_enqueue
                0x0000000000000000       0x4c coos.o
 .text.task_mq_dequeue
                0x0000000000000000       0x30 coos.o
 .text.task_mq_items
                0x0000000000000000        0xc coos.o
 .text          0x0000000000000000        0x0 eth_netif.o
 .data          0x0000000000000000        0x0 eth_netif.o
 .bss           0x0000000000000000        0x0 eth_netif.o
 .text          0x0000000000000000        0x0 hw_res.o
 .data          0x0000000000000000        0x0 hw_res.o
 .bss           0x0000000000000000        0x0 hw_res.o
 .text          0x0000000000000000        0x0 icmp.o
 .data          0x0000000000000000        0x0 icmp.o
 .bss           0x0000000000000000        0x0 icmp.o
 .text.icmp_echo_request
                0x0000000000000000       0x44 icmp.o
 .text          0x0000000000000000        0x0 ieee754.o
 .data          0x0000000000000000        0x0 ieee754.o
 .bss           0x0000000000000000        0x0 ieee754.o
 .text.__addsf3
                0x0000000000000000       0xe8 ieee754.o
 .text.__subsf3
                0x0000000000000000       0x24 ieee754.o
 .text.__cmpsf2
                0x0000000000000000       0x38 ieee754.o
 .text.__ltsf2  0x0000000000000000       0x40 ieee754.o
 .text.__lesf2  0x0000000000000000       0x40 ieee754.o
 .text.__gtsf2  0x0000000000000000       0x40 ieee754.o
 .text.__gesf2  0x0000000000000000       0x40 ieee754.o
 .text.__eqsf2  0x0000000000000000       0x10 ieee754.o
 .text.__nesf2  0x0000000000000000       0x10 ieee754.o
 .text.__mulsf3
                0x0000000000000000       0x88 ieee754.o
 .text.__divsf3
                0x0000000000000000       0xa8 ieee754.o
 .text.__negsf2
                0x0000000000000000       0x1c ieee754.o
 .text.__fixsfsi
                0x0000000000000000       0x38 ieee754.o
 .text.__fixunssfsi
                0x0000000000000000       0x38 ieee754.o
 .text.__floatsisf
                0x0000000000000000       0x4c ieee754.o
 .text.__floatunsisf
                0x0000000000000000       0x48 ieee754.o
 .text.__floatsidf
                0x0000000000000000       0x60 ieee754.o
 .text.__floatdidf
                0x0000000000000000       0x88 ieee754.o
 .text.__negdf2
                0x0000000000000000       0x20 ieee754.o
 .text.__extendsfdf2
                0x0000000000000000       0x38 ieee754.o
 .text.__truncdfsf2
                0x0000000000000000       0x7c ieee754.o
 .text.__cmpdf2
                0x0000000000000000       0x44 ieee754.o
 .text.__fixdfsi
                0x0000000000000000       0x60 ieee754.o
 .text.__fixdfdi
                0x0000000000000000       0x74 ieee754.o
 .text.__fixunsdfsi
                0x0000000000000000       0x48 ieee754.o
 .text.__fixunsdfdi
                0x0000000000000000       0x50 ieee754.o
 .text.__adddf3
                0x0000000000000000      0x1a0 ieee754.o
 .text.__subdf3
                0x0000000000000000       0x30 ieee754.o
 .text.__muldf3
                0x0000000000000000       0xe8 ieee754.o
 .text.__divdf3
                0x0000000000000000       0xf0 ieee754.o
 .text.__gtdf2  0x0000000000000000       0x50 ieee754.o
 .text.__gedf2  0x0000000000000000       0x54 ieee754.o
 .text.__ltdf2  0x0000000000000000       0x54 ieee754.o
 .text.__ledf2  0x0000000000000000       0x50 ieee754.o
 .text.__eqdf2  0x0000000000000000       0x18 ieee754.o
 .text.__nedf2  0x0000000000000000       0x18 ieee754.o
 .text.atof     0x0000000000000000      0x100 ieee754.o
 .text.ntohf    0x0000000000000000        0x8 ieee754.o
 .text.htonf    0x0000000000000000        0x8 ieee754.o
 .text          0x0000000000000000        0x0 ip.o
 .data          0x0000000000000000        0x0 ip.o
 .bss           0x0000000000000000        0x0 ip.o
 .text.ip_set_callback
                0x0000000000000000        0xc ip.o
 .text          0x0000000000000000        0x0 libc.o
 .data          0x0000000000000000        0x0 libc.o
 .bss           0x0000000000000000        0x0 libc.o
 .text.putchar  0x0000000000000000        0x8 libc.o
 .text.kbhit    0x0000000000000000       0x10 libc.o
 .text.getchar  0x0000000000000000        0xc libc.o
 .text.strncat  0x0000000000000000       0x3c libc.o
 .text.strncmp  0x0000000000000000       0x28 libc.o
 .text.strpbrk  0x0000000000000000       0x38 libc.o
 .text.strsep   0x0000000000000000       0x4c libc.o
 .text.strtok_r
                0x0000000000000000       0x5c libc.o
 .text.memmove  0x0000000000000000       0x30 libc.o
 .text.abs      0x0000000000000000        0x8 libc.o
 .text.random   0x0000000000000000       0x20 libc.o
 .text.puts     0x0000000000000000       0x24 libc.o
 .text.gets     0x0000000000000000       0x20 libc.o
 .text.fgets    0x0000000000000000       0x30 libc.o
 .text.getline  0x0000000000000000       0x28 libc.o
 .text.printf   0x0000000000000000       0x20 libc.o
 .text          0x0000000000000000        0x0 main.o
 .data          0x0000000000000000        0x0 main.o
 .bss           0x0000000000000000        0x0 main.o
 .text.relay_on
                0x0000000000000000        0xc main.o
 .text.relay_off
                0x0000000000000000        0xc main.o
 .text.luminosity
                0x0000000000000000       0x78 main.o
 .text.set_pwm_percent
                0x0000000000000000       0x64 main.o
 .rodata.DUTY_MAX
                0x0000000000000000        0x4 main.o
 .rodata.REF_RESISTANCE
                0x0000000000000000        0x4 main.o
 .rodata.ADC_SAMPLES
                0x0000000000000000        0x4 main.o
 .rodata.ADC_MAX
                0x0000000000000000        0x4 main.o
 .rodata.V_RAIL
                0x0000000000000000        0x4 main.o
 .text          0x0000000000000000        0x0 malloc.o
 .data          0x0000000000000000        0x0 malloc.o
 .bss           0x0000000000000000        0x0 malloc.o
 .text.free     0x0000000000000000       0x20 malloc.o
 .text.malloc   0x0000000000000000       0x70 malloc.o
 .text          0x0000000000000000        0x0 misc.o
 .data          0x0000000000000000        0x0 misc.o
 .bss           0x0000000000000000        0x0 misc.o
 .text.NVIC_SetVectorTable
                0x0000000000000000       0x14 misc.o
 .text.NVIC_SystemLPConfig
                0x0000000000000000       0x1c misc.o
 .text.SysTick_CLKSourceConfig
                0x0000000000000000       0x18 misc.o
 .text          0x0000000000000000        0x0 muldiv.o
 .data          0x0000000000000000        0x0 muldiv.o
 .bss           0x0000000000000000        0x0 muldiv.o
 .text.__mulsi3
                0x0000000000000000       0x1c muldiv.o
 .text.__muldsi3
                0x0000000000000000       0x38 muldiv.o
 .text.__muldi3
                0x0000000000000000       0x78 muldiv.o
 .text.__udivmodsi4
                0x0000000000000000       0x3c muldiv.o
 .text.__divmodsi4
                0x0000000000000000       0x6c muldiv.o
 .text.__udivsi3
                0x0000000000000000       0x34 muldiv.o
 .text.__umodsi3
                0x0000000000000000       0x2c muldiv.o
 .text.__divsi3
                0x0000000000000000        0x8 muldiv.o
 .text.__modsi3
                0x0000000000000000        0x8 muldiv.o
 .text.__ashldi3
                0x0000000000000000       0x24 muldiv.o
 .text.__ashrdi3
                0x0000000000000000       0x24 muldiv.o
 .text.__lshrdi3
                0x0000000000000000       0x3c muldiv.o
 .text.__udivmoddi4
                0x0000000000000000       0x88 muldiv.o
 .text.__divmoddi4
                0x0000000000000000       0xdc muldiv.o
 .text.__umoddi3
                0x0000000000000000       0x60 muldiv.o
 .text.__udivdi3
                0x0000000000000000       0x7c muldiv.o
 .text.__moddi3
                0x0000000000000000       0x14 muldiv.o
 .text.__divdi3
                0x0000000000000000       0x10 muldiv.o
 .comment       0x0000000000000000       0x46 muldiv.o
 .ARM.attributes
                0x0000000000000000       0x34 muldiv.o
 .text          0x0000000000000000        0x0 pwm.o
 .data          0x0000000000000000        0x0 pwm.o
 .bss           0x0000000000000000        0x0 pwm.o
 .text          0x0000000000000000       0x34 setjmp.o
 .data          0x0000000000000000        0x0 setjmp.o
 .bss           0x0000000000000000        0x0 setjmp.o
 .ARM.attributes
                0x0000000000000000       0x20 setjmp.o
 .text          0x0000000000000000        0x0 stm32f4_vector.o
 .data          0x0000000000000000        0x0 stm32f4_vector.o
 .bss           0x0000000000000000        0x0 stm32f4_vector.o
 .text.ticks_ms
                0x0000000000000000        0xc stm32f4_vector.o
 .text          0x0000000000000000        0x0 stm32f4xx_adc.o
 .data          0x0000000000000000        0x0 stm32f4xx_adc.o
 .bss           0x0000000000000000        0x0 stm32f4xx_adc.o
 .text.ADC_DeInit
                0x0000000000000000       0x1c stm32f4xx_adc.o
 .text.ADC_StructInit
                0x0000000000000000       0x14 stm32f4xx_adc.o
 .text.ADC_CommonInit
                0x0000000000000000       0x2c stm32f4xx_adc.o
 .text.ADC_CommonStructInit
                0x0000000000000000        0xc stm32f4xx_adc.o
 .text.ADC_AnalogWatchdogCmd
                0x0000000000000000       0x10 stm32f4xx_adc.o
 .text.ADC_AnalogWatchdogThresholdsConfig
                0x0000000000000000        0x8 stm32f4xx_adc.o
 .text.ADC_AnalogWatchdogSingleChannelConfig
                0x0000000000000000        0xc stm32f4xx_adc.o
 .text.ADC_TempSensorVrefintCmd
                0x0000000000000000       0x1c stm32f4xx_adc.o
 .text.ADC_VBATCmd
                0x0000000000000000       0x1c stm32f4xx_adc.o
 .text.ADC_GetSoftwareStartConvStatus
                0x0000000000000000        0x8 stm32f4xx_adc.o
 .text.ADC_EOCOnEachRegularChannelCmd
                0x0000000000000000       0x14 stm32f4xx_adc.o
 .text.ADC_ContinuousModeCmd
                0x0000000000000000       0x14 stm32f4xx_adc.o
 .text.ADC_DiscModeChannelCountConfig
                0x0000000000000000       0x10 stm32f4xx_adc.o
 .text.ADC_DiscModeCmd
                0x0000000000000000       0x14 stm32f4xx_adc.o
 .text.ADC_GetMultiModeConversionValue
                0x0000000000000000        0xc stm32f4xx_adc.o
 .text.ADC_DMACmd
                0x0000000000000000       0x14 stm32f4xx_adc.o
 .text.ADC_DMARequestAfterLastTransferCmd
                0x0000000000000000       0x14 stm32f4xx_adc.o
 .text.ADC_MultiModeDMARequestAfterLastTransferCmd
                0x0000000000000000       0x1c stm32f4xx_adc.o
 .text.ADC_InjectedChannelConfig
                0x0000000000000000       0x68 stm32f4xx_adc.o
 .text.ADC_InjectedSequencerLengthConfig
                0x0000000000000000       0x10 stm32f4xx_adc.o
 .text.ADC_SetInjectedOffset
                0x0000000000000000       0x18 stm32f4xx_adc.o
 .text.ADC_ExternalTrigInjectedConvConfig
                0x0000000000000000        0xc stm32f4xx_adc.o
 .text.ADC_ExternalTrigInjectedConvEdgeConfig
                0x0000000000000000        0xc stm32f4xx_adc.o
 .text.ADC_SoftwareStartInjectedConv
                0x0000000000000000        0xc stm32f4xx_adc.o
 .text.ADC_GetSoftwareStartInjectedConvCmdStatus
                0x0000000000000000        0x8 stm32f4xx_adc.o
 .text.ADC_AutoInjectedConvCmd
                0x0000000000000000       0x14 stm32f4xx_adc.o
 .text.ADC_InjectedDiscModeCmd
                0x0000000000000000       0x14 stm32f4xx_adc.o
 .text.ADC_GetInjectedConversionValue
                0x0000000000000000       0x1c stm32f4xx_adc.o
 .text.ADC_ITConfig
                0x0000000000000000       0x1c stm32f4xx_adc.o
 .text.ADC_ClearFlag
                0x0000000000000000        0x8 stm32f4xx_adc.o
 .text.ADC_GetITStatus
                0x0000000000000000       0x1c stm32f4xx_adc.o
 .text.ADC_ClearITPendingBit
                0x0000000000000000        0x8 stm32f4xx_adc.o
 .text          0x0000000000000000        0x0 stm32f4xx_exti.o
 .data          0x0000000000000000        0x0 stm32f4xx_exti.o
 .bss           0x0000000000000000        0x0 stm32f4xx_exti.o
 .text.EXTI_DeInit
                0x0000000000000000       0x1c stm32f4xx_exti.o
 .text.EXTI_Init
                0x0000000000000000       0x88 stm32f4xx_exti.o
 .text.EXTI_StructInit
                0x0000000000000000       0x10 stm32f4xx_exti.o
 .text.EXTI_GenerateSWInterrupt
                0x0000000000000000       0x10 stm32f4xx_exti.o
 .text.EXTI_GetFlagStatus
                0x0000000000000000       0x14 stm32f4xx_exti.o
 .text.EXTI_ClearFlag
                0x0000000000000000        0xc stm32f4xx_exti.o
 .text.EXTI_GetITStatus
                0x0000000000000000       0x14 stm32f4xx_exti.o
 .text.EXTI_ClearITPendingBit
                0x0000000000000000        0xc stm32f4xx_exti.o
 .comment       0x0000000000000000       0x46 stm32f4xx_exti.o
 .ARM.attributes
                0x0000000000000000       0x34 stm32f4xx_exti.o
 .text          0x0000000000000000        0x0 stm32f4xx_gpio.o
 .data          0x0000000000000000        0x0 stm32f4xx_gpio.o
 .bss           0x0000000000000000        0x0 stm32f4xx_gpio.o
 .text.GPIO_DeInit
                0x0000000000000000       0xb8 stm32f4xx_gpio.o
 .text.GPIO_StructInit
                0x0000000000000000        0xc stm32f4xx_gpio.o
 .text.GPIO_PinLockConfig
                0x0000000000000000       0x24 stm32f4xx_gpio.o
 .text.GPIO_ReadInputData
                0x0000000000000000        0x8 stm32f4xx_gpio.o
 .text.GPIO_ReadOutputDataBit
                0x0000000000000000        0xc stm32f4xx_gpio.o
 .text.GPIO_ReadOutputData
                0x0000000000000000        0x8 stm32f4xx_gpio.o
 .text.GPIO_WriteBit
                0x0000000000000000        0x8 stm32f4xx_gpio.o
 .text.GPIO_Write
                0x0000000000000000        0x4 stm32f4xx_gpio.o
 .text          0x0000000000000000        0x0 stm32f4xx_i2c.o
 .data          0x0000000000000000        0x0 stm32f4xx_i2c.o
 .bss           0x0000000000000000        0x0 stm32f4xx_i2c.o
 .text.I2C_DeInit
                0x0000000000000000       0x6c stm32f4xx_i2c.o
 .text.I2C_Init
                0x0000000000000000       0xd0 stm32f4xx_i2c.o
 .text.I2C_StructInit
                0x0000000000000000       0x20 stm32f4xx_i2c.o
 .text.I2C_Cmd  0x0000000000000000       0x18 stm32f4xx_i2c.o
 .text.I2C_AnalogFilterCmd
                0x0000000000000000       0x18 stm32f4xx_i2c.o
 .text.I2C_DigitalFilterConfig
                0x0000000000000000       0x14 stm32f4xx_i2c.o
 .text.I2C_GenerateSTART
                0x0000000000000000       0x18 stm32f4xx_i2c.o
 .text.I2C_GenerateSTOP
                0x0000000000000000       0x18 stm32f4xx_i2c.o
 .text.I2C_Send7bitAddress
                0x0000000000000000       0x14 stm32f4xx_i2c.o
 .text.I2C_AcknowledgeConfig
                0x0000000000000000       0x18 stm32f4xx_i2c.o
 .text.I2C_OwnAddress2Config
                0x0000000000000000       0x14 stm32f4xx_i2c.o
 .text.I2C_DualAddressCmd
                0x0000000000000000       0x18 stm32f4xx_i2c.o
 .text.I2C_GeneralCallCmd
                0x0000000000000000       0x18 stm32f4xx_i2c.o
 .text.I2C_SoftwareResetCmd
                0x0000000000000000       0x14 stm32f4xx_i2c.o
 .text.I2C_StretchClockCmd
                0x0000000000000000       0x18 stm32f4xx_i2c.o
 .text.I2C_FastModeDutyCycleConfig
                0x0000000000000000       0x18 stm32f4xx_i2c.o
 .text.I2C_NACKPositionConfig
                0x0000000000000000       0x18 stm32f4xx_i2c.o
 .text.I2C_SMBusAlertConfig
                0x0000000000000000       0x18 stm32f4xx_i2c.o
 .text.I2C_ARPCmd
                0x0000000000000000       0x18 stm32f4xx_i2c.o
 .text.I2C_SendData
                0x0000000000000000        0x4 stm32f4xx_i2c.o
 .text.I2C_ReceiveData
                0x0000000000000000        0x8 stm32f4xx_i2c.o
 .text.I2C_TransmitPEC
                0x0000000000000000       0x18 stm32f4xx_i2c.o
 .text.I2C_PECPositionConfig
                0x0000000000000000       0x18 stm32f4xx_i2c.o
 .text.I2C_CalculatePEC
                0x0000000000000000       0x18 stm32f4xx_i2c.o
 .text.I2C_GetPEC
                0x0000000000000000        0x8 stm32f4xx_i2c.o
 .text.I2C_DMACmd
                0x0000000000000000       0x18 stm32f4xx_i2c.o
 .text.I2C_DMALastTransferCmd
                0x0000000000000000       0x18 stm32f4xx_i2c.o
 .text.I2C_ReadRegister
                0x0000000000000000       0x18 stm32f4xx_i2c.o
 .text.I2C_ITConfig
                0x0000000000000000       0x14 stm32f4xx_i2c.o
 .text.I2C_CheckEvent
                0x0000000000000000       0x18 stm32f4xx_i2c.o
 .text.I2C_GetLastEvent
                0x0000000000000000       0x10 stm32f4xx_i2c.o
 .text.I2C_GetFlagStatus
                0x0000000000000000       0x38 stm32f4xx_i2c.o
 .text.I2C_ClearFlag
                0x0000000000000000        0x8 stm32f4xx_i2c.o
 .text.I2C_GetITStatus
                0x0000000000000000       0x1c stm32f4xx_i2c.o
 .text.I2C_ClearITPendingBit
                0x0000000000000000        0x8 stm32f4xx_i2c.o
 .comment       0x0000000000000000       0x46 stm32f4xx_i2c.o
 .ARM.attributes
                0x0000000000000000       0x34 stm32f4xx_i2c.o
 .text          0x0000000000000000        0x0 stm32f4xx_rcc.o
 .data          0x0000000000000000        0x0 stm32f4xx_rcc.o
 .bss           0x0000000000000000        0x0 stm32f4xx_rcc.o
 .text.RCC_DeInit
                0x0000000000000000       0x44 stm32f4xx_rcc.o
 .text.RCC_HSEConfig
                0x0000000000000000       0x10 stm32f4xx_rcc.o
 .text.RCC_WaitForHSEStartUp
                0x0000000000000000       0x34 stm32f4xx_rcc.o
 .text.RCC_AdjustHSICalibrationValue
                0x0000000000000000       0x14 stm32f4xx_rcc.o
 .text.RCC_HSICmd
                0x0000000000000000        0xc stm32f4xx_rcc.o
 .text.RCC_LSEConfig
                0x0000000000000000       0x28 stm32f4xx_rcc.o
 .text.RCC_LSICmd
                0x0000000000000000        0xc stm32f4xx_rcc.o
 .text.RCC_PLLConfig
                0x0000000000000000       0x24 stm32f4xx_rcc.o
 .text.RCC_PLLCmd
                0x0000000000000000        0xc stm32f4xx_rcc.o
 .text.RCC_PLLI2SConfig
                0x0000000000000000       0x14 stm32f4xx_rcc.o
 .text.RCC_PLLI2SCmd
                0x0000000000000000        0xc stm32f4xx_rcc.o
 .text.RCC_ClockSecuritySystemCmd
                0x0000000000000000        0xc stm32f4xx_rcc.o
 .text.RCC_MCO1Config
                0x0000000000000000       0x14 stm32f4xx_rcc.o
 .text.RCC_MCO2Config
                0x0000000000000000       0x14 stm32f4xx_rcc.o
 .text.RCC_SYSCLKConfig
                0x0000000000000000       0x14 stm32f4xx_rcc.o
 .text.RCC_GetSYSCLKSource
                0x0000000000000000       0x10 stm32f4xx_rcc.o
 .text.RCC_HCLKConfig
                0x0000000000000000       0x14 stm32f4xx_rcc.o
 .text.RCC_PCLK1Config
                0x0000000000000000       0x14 stm32f4xx_rcc.o
 .text.RCC_PCLK2Config
                0x0000000000000000       0x14 stm32f4xx_rcc.o
 .text.RCC_RTCCLKConfig
                0x0000000000000000       0x30 stm32f4xx_rcc.o
 .text.RCC_RTCCLKCmd
                0x0000000000000000        0xc stm32f4xx_rcc.o
 .text.RCC_BackupResetCmd
                0x0000000000000000        0xc stm32f4xx_rcc.o
 .text.RCC_I2SCLKConfig
                0x0000000000000000        0xc stm32f4xx_rcc.o
 .text.RCC_TIMCLKPresConfig
                0x0000000000000000        0xc stm32f4xx_rcc.o
 .text.RCC_AHB3PeriphClockCmd
                0x0000000000000000       0x18 stm32f4xx_rcc.o
 .text.RCC_AHB1PeriphResetCmd
                0x0000000000000000       0x18 stm32f4xx_rcc.o
 .text.RCC_AHB2PeriphResetCmd
                0x0000000000000000       0x18 stm32f4xx_rcc.o
 .text.RCC_AHB3PeriphResetCmd
                0x0000000000000000       0x18 stm32f4xx_rcc.o
 .text.RCC_APB2PeriphResetCmd
                0x0000000000000000       0x18 stm32f4xx_rcc.o
 .text.RCC_AHB1PeriphClockLPModeCmd
                0x0000000000000000       0x18 stm32f4xx_rcc.o
 .text.RCC_AHB2PeriphClockLPModeCmd
                0x0000000000000000       0x18 stm32f4xx_rcc.o
 .text.RCC_AHB3PeriphClockLPModeCmd
                0x0000000000000000       0x18 stm32f4xx_rcc.o
 .text.RCC_APB1PeriphClockLPModeCmd
                0x0000000000000000       0x18 stm32f4xx_rcc.o
 .text.RCC_APB2PeriphClockLPModeCmd
                0x0000000000000000       0x18 stm32f4xx_rcc.o
 .text.RCC_ITConfig
                0x0000000000000000       0x18 stm32f4xx_rcc.o
 .text.RCC_GetFlagStatus
                0x0000000000000000       0x34 stm32f4xx_rcc.o
 .text.RCC_ClearFlag
                0x0000000000000000       0x10 stm32f4xx_rcc.o
 .text.RCC_GetITStatus
                0x0000000000000000       0x14 stm32f4xx_rcc.o
 .text.RCC_ClearITPendingBit
                0x0000000000000000        0xc stm32f4xx_rcc.o
 .text          0x0000000000000000        0x0 stm32f4xx_spi.o
 .data          0x0000000000000000        0x0 stm32f4xx_spi.o
 .bss           0x0000000000000000        0x0 stm32f4xx_spi.o
 .text.SPI_I2S_DeInit
                0x0000000000000000       0xb0 stm32f4xx_spi.o
 .text.SPI_Init
                0x0000000000000000       0x54 stm32f4xx_spi.o
 .text.I2S_Init
                0x0000000000000000       0xd4 stm32f4xx_spi.o
 .text.SPI_StructInit
                0x0000000000000000       0x10 stm32f4xx_spi.o
 .text.I2S_StructInit
                0x0000000000000000       0x10 stm32f4xx_spi.o
 .text.SPI_Cmd  0x0000000000000000       0x18 stm32f4xx_spi.o
 .text.I2S_Cmd  0x0000000000000000       0x18 stm32f4xx_spi.o
 .text.SPI_DataSizeConfig
                0x0000000000000000       0x14 stm32f4xx_spi.o
 .text.SPI_BiDirectionalLineConfig
                0x0000000000000000       0x18 stm32f4xx_spi.o
 .text.SPI_NSSInternalSoftwareConfig
                0x0000000000000000       0x14 stm32f4xx_spi.o
 .text.SPI_SSOutputCmd
                0x0000000000000000       0x18 stm32f4xx_spi.o
 .text.SPI_TIModeCmd
                0x0000000000000000       0x18 stm32f4xx_spi.o
 .text.I2S_FullDuplexConfig
                0x0000000000000000       0x50 stm32f4xx_spi.o
 .text.SPI_I2S_ReceiveData
                0x0000000000000000        0x8 stm32f4xx_spi.o
 .text.SPI_I2S_SendData
                0x0000000000000000        0x4 stm32f4xx_spi.o
 .text.SPI_CalculateCRC
                0x0000000000000000       0x18 stm32f4xx_spi.o
 .text.SPI_TransmitCRC
                0x0000000000000000        0xc stm32f4xx_spi.o
 .text.SPI_GetCRC
                0x0000000000000000        0xc stm32f4xx_spi.o
 .text.SPI_GetCRCPolynomial
                0x0000000000000000        0x8 stm32f4xx_spi.o
 .text.SPI_I2S_DMACmd
                0x0000000000000000       0x14 stm32f4xx_spi.o
 .text.SPI_I2S_ITConfig
                0x0000000000000000       0x1c stm32f4xx_spi.o
 .text.SPI_I2S_GetFlagStatus
                0x0000000000000000        0xc stm32f4xx_spi.o
 .text.SPI_I2S_ClearFlag
                0x0000000000000000        0x8 stm32f4xx_spi.o
 .text.SPI_I2S_GetITStatus
                0x0000000000000000       0x28 stm32f4xx_spi.o
 .text.SPI_I2S_ClearITPendingBit
                0x0000000000000000       0x10 stm32f4xx_spi.o
 .comment       0x0000000000000000       0x46 stm32f4xx_spi.o
 .ARM.attributes
                0x0000000000000000       0x34 stm32f4xx_spi.o
 .text          0x0000000000000000        0x0 stm32f4xx_syscfg.o
 .data          0x0000000000000000        0x0 stm32f4xx_syscfg.o
 .bss           0x0000000000000000        0x0 stm32f4xx_syscfg.o
 .text.SYSCFG_DeInit
                0x0000000000000000       0x1c stm32f4xx_syscfg.o
 .text.SYSCFG_MemoryRemapConfig
                0x0000000000000000        0xc stm32f4xx_syscfg.o
 .text.SYSCFG_MemorySwappingBank
                0x0000000000000000        0xc stm32f4xx_syscfg.o
 .text.SYSCFG_EXTILineConfig
                0x0000000000000000       0x2c stm32f4xx_syscfg.o
 .text.SYSCFG_ETH_MediaInterfaceConfig
                0x0000000000000000        0xc stm32f4xx_syscfg.o
 .text.SYSCFG_CompensationCellCmd
                0x0000000000000000        0xc stm32f4xx_syscfg.o
 .text.SYSCFG_GetCompensationCellStatus
                0x0000000000000000       0x10 stm32f4xx_syscfg.o
 .comment       0x0000000000000000       0x46 stm32f4xx_syscfg.o
 .ARM.attributes
                0x0000000000000000       0x34 stm32f4xx_syscfg.o
 .text          0x0000000000000000        0x0 stm32f4xx_tim.o
 .data          0x0000000000000000        0x0 stm32f4xx_tim.o
 .bss           0x0000000000000000        0x0 stm32f4xx_tim.o
 .text.TIM_DeInit
                0x0000000000000000       0xfc stm32f4xx_tim.o
 .text.TIM_PrescalerConfig
                0x0000000000000000        0x8 stm32f4xx_tim.o
 .text.TIM_CounterModeConfig
                0x0000000000000000       0x10 stm32f4xx_tim.o
 .text.TIM_SetCounter
                0x0000000000000000        0x4 stm32f4xx_tim.o
 .text.TIM_SetAutoreload
                0x0000000000000000        0x4 stm32f4xx_tim.o
 .text.TIM_GetCounter
                0x0000000000000000        0x4 stm32f4xx_tim.o
 .text.TIM_GetPrescaler
                0x0000000000000000        0x8 stm32f4xx_tim.o
 .text.TIM_UpdateDisableConfig
                0x0000000000000000       0x18 stm32f4xx_tim.o
 .text.TIM_UpdateRequestConfig
                0x0000000000000000       0x18 stm32f4xx_tim.o
 .text.TIM_ARRPreloadConfig
                0x0000000000000000       0x18 stm32f4xx_tim.o
 .text.TIM_SelectOnePulseMode
                0x0000000000000000       0x14 stm32f4xx_tim.o
 .text.TIM_SetClockDivision
                0x0000000000000000       0x14 stm32f4xx_tim.o
 .text.TIM_OC1Init
                0x0000000000000000       0x68 stm32f4xx_tim.o
 .text.TIM_OC2Init
                0x0000000000000000       0x7c stm32f4xx_tim.o
 .text.TIM_OCStructInit
                0x0000000000000000       0x10 stm32f4xx_tim.o
 .text.TIM_SelectOCxM
                0x0000000000000000       0x64 stm32f4xx_tim.o
 .text.TIM_SetCompare1
                0x0000000000000000        0x4 stm32f4xx_tim.o
 .text.TIM_SetCompare2
                0x0000000000000000        0x4 stm32f4xx_tim.o
 .text.TIM_SetCompare3
                0x0000000000000000        0x4 stm32f4xx_tim.o
 .text.TIM_SetCompare4
                0x0000000000000000        0x4 stm32f4xx_tim.o
 .text.TIM_ForcedOC1Config
                0x0000000000000000       0x10 stm32f4xx_tim.o
 .text.TIM_ForcedOC2Config
                0x0000000000000000       0x14 stm32f4xx_tim.o
 .text.TIM_ForcedOC3Config
                0x0000000000000000       0x10 stm32f4xx_tim.o
 .text.TIM_ForcedOC4Config
                0x0000000000000000       0x14 stm32f4xx_tim.o
 .text.TIM_OC1PreloadConfig
                0x0000000000000000       0x10 stm32f4xx_tim.o
 .text.TIM_OC2PreloadConfig
                0x0000000000000000       0x14 stm32f4xx_tim.o
 .text.TIM_OC1FastConfig
                0x0000000000000000       0x10 stm32f4xx_tim.o
 .text.TIM_OC2FastConfig
                0x0000000000000000       0x14 stm32f4xx_tim.o
 .text.TIM_OC3FastConfig
                0x0000000000000000       0x10 stm32f4xx_tim.o
 .text.TIM_OC4FastConfig
                0x0000000000000000       0x14 stm32f4xx_tim.o
 .text.TIM_ClearOC1Ref
                0x0000000000000000       0x10 stm32f4xx_tim.o
 .text.TIM_ClearOC2Ref
                0x0000000000000000       0x10 stm32f4xx_tim.o
 .text.TIM_ClearOC3Ref
                0x0000000000000000       0x10 stm32f4xx_tim.o
 .text.TIM_ClearOC4Ref
                0x0000000000000000       0x10 stm32f4xx_tim.o
 .text.TIM_OC1PolarityConfig
                0x0000000000000000       0x10 stm32f4xx_tim.o
 .text.TIM_OC1NPolarityConfig
                0x0000000000000000       0x10 stm32f4xx_tim.o
 .text.TIM_OC2PolarityConfig
                0x0000000000000000       0x14 stm32f4xx_tim.o
 .text.TIM_OC2NPolarityConfig
                0x0000000000000000       0x14 stm32f4xx_tim.o
 .text.TIM_OC3PolarityConfig
                0x0000000000000000       0x14 stm32f4xx_tim.o
 .text.TIM_OC3NPolarityConfig
                0x0000000000000000       0x14 stm32f4xx_tim.o
 .text.TIM_OC4PolarityConfig
                0x0000000000000000       0x14 stm32f4xx_tim.o
 .text.TIM_CCxCmd
                0x0000000000000000       0x20 stm32f4xx_tim.o
 .text.TIM_CCxNCmd
                0x0000000000000000       0x20 stm32f4xx_tim.o
 .text.TIM_ICInit
                0x0000000000000000      0x154 stm32f4xx_tim.o
 .text.TIM_ICStructInit
                0x0000000000000000        0xc stm32f4xx_tim.o
 .text.TIM_PWMIConfig
                0x0000000000000000      0x138 stm32f4xx_tim.o
 .text.TIM_GetCapture1
                0x0000000000000000        0x4 stm32f4xx_tim.o
 .text.TIM_GetCapture2
                0x0000000000000000        0x4 stm32f4xx_tim.o
 .text.TIM_GetCapture3
                0x0000000000000000        0x4 stm32f4xx_tim.o
 .text.TIM_GetCapture4
                0x0000000000000000        0x4 stm32f4xx_tim.o
 .text.TIM_SetIC1Prescaler
                0x0000000000000000       0x14 stm32f4xx_tim.o
 .text.TIM_SetIC2Prescaler
                0x0000000000000000       0x18 stm32f4xx_tim.o
 .text.TIM_SetIC3Prescaler
                0x0000000000000000       0x14 stm32f4xx_tim.o
 .text.TIM_SetIC4Prescaler
                0x0000000000000000       0x18 stm32f4xx_tim.o
 .text.TIM_BDTRConfig
                0x0000000000000000       0x2c stm32f4xx_tim.o
 .text.TIM_BDTRStructInit
                0x0000000000000000        0xc stm32f4xx_tim.o
 .text.TIM_CtrlPWMOutputs
                0x0000000000000000       0x14 stm32f4xx_tim.o
 .text.TIM_SelectCOM
                0x0000000000000000       0x18 stm32f4xx_tim.o
 .text.TIM_CCPreloadControl
                0x0000000000000000       0x18 stm32f4xx_tim.o
 .text.TIM_GenerateEvent
                0x0000000000000000        0x4 stm32f4xx_tim.o
 .text.TIM_GetFlagStatus
                0x0000000000000000        0xc stm32f4xx_tim.o
 .text.TIM_ClearFlag
                0x0000000000000000        0x8 stm32f4xx_tim.o
 .text.TIM_DMAConfig
                0x0000000000000000        0x8 stm32f4xx_tim.o
 .text.TIM_DMACmd
                0x0000000000000000       0x14 stm32f4xx_tim.o
 .text.TIM_SelectCCDMA
                0x0000000000000000       0x18 stm32f4xx_tim.o
 .text.TIM_InternalClockConfig
                0x0000000000000000        0xc stm32f4xx_tim.o
 .text.TIM_ITRxExternalClockConfig
                0x0000000000000000       0x18 stm32f4xx_tim.o
 .text.TIM_TIxExternalClockConfig
                0x0000000000000000       0x80 stm32f4xx_tim.o
 .text.TIM_ETRClockMode1Config
                0x0000000000000000       0x28 stm32f4xx_tim.o
 .text.TIM_ETRClockMode2Config
                0x0000000000000000       0x20 stm32f4xx_tim.o
 .text.TIM_SelectInputTrigger
                0x0000000000000000       0x10 stm32f4xx_tim.o
 .text.TIM_SelectOutputTrigger
                0x0000000000000000       0x14 stm32f4xx_tim.o
 .text.TIM_SelectSlaveMode
                0x0000000000000000       0x14 stm32f4xx_tim.o
 .text.TIM_SelectMasterSlaveMode
                0x0000000000000000       0x14 stm32f4xx_tim.o
 .text.TIM_ETRConfig
                0x0000000000000000       0x18 stm32f4xx_tim.o
 .text.TIM_EncoderInterfaceConfig
                0x0000000000000000       0x3c stm32f4xx_tim.o
 .text.TIM_SelectHallSensor
                0x0000000000000000       0x18 stm32f4xx_tim.o
 .text.TIM_RemapConfig
                0x0000000000000000        0x4 stm32f4xx_tim.o
 .text          0x0000000000000000        0x0 stm32f4xx_usart.o
 .data          0x0000000000000000        0x0 stm32f4xx_usart.o
 .bss           0x0000000000000000        0x0 stm32f4xx_usart.o
 .text.USART_DeInit
                0x0000000000000000       0x64 stm32f4xx_usart.o
 .text.USART_StructInit
                0x0000000000000000       0x14 stm32f4xx_usart.o
 .text.USART_ClockInit
                0x0000000000000000       0x24 stm32f4xx_usart.o
 .text.USART_ClockStructInit
                0x0000000000000000        0x8 stm32f4xx_usart.o
 .text.USART_SetPrescaler
                0x0000000000000000       0x10 stm32f4xx_usart.o
 .text.USART_OverSampling8Cmd
                0x0000000000000000       0x14 stm32f4xx_usart.o
 .text.USART_OneBitMethodCmd
                0x0000000000000000       0x18 stm32f4xx_usart.o
 .text.USART_SetAddress
                0x0000000000000000       0x14 stm32f4xx_usart.o
 .text.USART_ReceiverWakeUpCmd
                0x0000000000000000       0x18 stm32f4xx_usart.o
 .text.USART_WakeUpConfig
                0x0000000000000000       0x14 stm32f4xx_usart.o
 .text.USART_LINBreakDetectLengthConfig
                0x0000000000000000       0x14 stm32f4xx_usart.o
 .text.USART_LINCmd
                0x0000000000000000       0x18 stm32f4xx_usart.o
 .text.USART_SendBreak
                0x0000000000000000        0xc stm32f4xx_usart.o
 .text.USART_HalfDuplexCmd
                0x0000000000000000       0x18 stm32f4xx_usart.o
 .text.USART_SetGuardTime
                0x0000000000000000       0x10 stm32f4xx_usart.o
 .text.USART_SmartCardCmd
                0x0000000000000000       0x18 stm32f4xx_usart.o
 .text.USART_SmartCardNACKCmd
                0x0000000000000000       0x18 stm32f4xx_usart.o
 .text.USART_IrDAConfig
                0x0000000000000000       0x14 stm32f4xx_usart.o
 .text.USART_IrDACmd
                0x0000000000000000       0x18 stm32f4xx_usart.o
 .text.USART_DMACmd
                0x0000000000000000       0x14 stm32f4xx_usart.o
 .text.USART_ClearFlag
                0x0000000000000000        0x8 stm32f4xx_usart.o
 .text.USART_ClearITPendingBit
                0x0000000000000000       0x10 stm32f4xx_usart.o
 .text          0x0000000000000000        0x0 system_stm32f4xx.o
 .data          0x0000000000000000        0x0 system_stm32f4xx.o
 .bss           0x0000000000000000        0x0 system_stm32f4xx.o
 .text          0x0000000000000000        0x0 tuntap_if.o
 .data          0x0000000000000000        0x0 tuntap_if.o
 .bss           0x0000000000000000        0x0 tuntap_if.o
 .text          0x0000000000000000        0x0 udp.o
 .data          0x0000000000000000        0x0 udp.o
 .bss           0x0000000000000000        0x0 udp.o
 .text          0x0000000000000000        0x0 usart.o
 .data          0x0000000000000000        0x0 usart.o
 .bss           0x0000000000000000        0x0 usart.o
 .text.uart_flush
                0x0000000000000000       0x34 usart.o
 .text          0x0000000000000000        0x0 usb_bsp.o
 .data          0x0000000000000000        0x0 usb_bsp.o
 .bss           0x0000000000000000        0x0 usb_bsp.o
 .text          0x0000000000000000        0x0 usb_core.o
 .data          0x0000000000000000        0x0 usb_core.o
 .bss           0x0000000000000000        0x0 usb_core.o
 .text.USB_OTG_FlushRxFifo
                0x0000000000000000       0x38 usb_core.o
 .text.USB_OTG_GetMode
                0x0000000000000000        0xc usb_core.o
 .text.USB_OTG_IsHostMode
                0x0000000000000000        0xc usb_core.o
 .text.USB_OTG_ReadOtgItr
                0x0000000000000000        0x8 usb_core.o
 .text.USB_OTG_InitDevSpeed
                0x0000000000000000        0xc usb_core.o
 .text.USB_OTG_ActiveRemoteWakeup
                0x0000000000000000       0x44 usb_core.o
 .text.USB_OTG_UngateClock
                0x0000000000000000       0x20 usb_core.o
 .text.USB_OTG_StopDevice
                0x0000000000000000       0x9c usb_core.o
 .text.USB_OTG_GetEPStatus
                0x0000000000000000       0x4c usb_core.o
 .text.USB_OTG_SetEPStatus
                0x0000000000000000       0xc0 usb_core.o
 .text          0x0000000000000000        0x0 usb_dcd.o
 .data          0x0000000000000000        0x0 usb_dcd.o
 .bss           0x0000000000000000        0x0 usb_dcd.o
 .text.DCD_EP_Flush
                0x0000000000000000       0x1c usb_dcd.o
 .text.DCD_DevConnect
                0x0000000000000000       0x14 usb_dcd.o
 .text.DCD_DevDisconnect
                0x0000000000000000       0x14 usb_dcd.o
 .text.DCD_GetEPStatus
                0x0000000000000000       0x24 usb_dcd.o
 .text.DCD_SetEPStatus
                0x0000000000000000       0x24 usb_dcd.o
 .text          0x0000000000000000        0x0 usb_dcd_int.o
 .data          0x0000000000000000        0x0 usb_dcd_int.o
 .bss           0x0000000000000000        0x0 usb_dcd_int.o
 .text          0x0000000000000000        0x0 usbd_cdc_core.o
 .data          0x0000000000000000        0x0 usbd_cdc_core.o
 .bss           0x0000000000000000        0x0 usbd_cdc_core.o
 .bss.usbd_cdc_OtherCfgDesc
                0x0000000000000000       0x43 usbd_cdc_core.o
 .text          0x0000000000000000        0x0 usbd_cdc_vcp.o
 .data          0x0000000000000000        0x0 usbd_cdc_vcp.o
 .bss           0x0000000000000000        0x0 usbd_cdc_vcp.o
 .text.VCP_puts
                0x0000000000000000       0x40 usbd_cdc_vcp.o
 .text.VCP_gets
                0x0000000000000000       0xb4 usbd_cdc_vcp.o
 .text          0x0000000000000000        0x0 usbd_core.o
 .data          0x0000000000000000        0x0 usbd_core.o
 .bss           0x0000000000000000        0x0 usbd_core.o
 .text.USBD_DeInit
                0x0000000000000000        0x4 usbd_core.o
 .text          0x0000000000000000        0x0 usbd_desc.o
 .data          0x0000000000000000        0x0 usbd_desc.o
 .bss           0x0000000000000000        0x0 usbd_desc.o
 .data.USBD_DeviceQualifierDesc
                0x0000000000000000        0xa usbd_desc.o
 .text          0x0000000000000000        0x0 usbd_ioreq.o
 .data          0x0000000000000000        0x0 usbd_ioreq.o
 .bss           0x0000000000000000        0x0 usbd_ioreq.o
 .text.USBD_GetRxCount
                0x0000000000000000       0x10 usbd_ioreq.o
 .text          0x0000000000000000        0x0 usbd_req.o
 .data          0x0000000000000000        0x0 usbd_req.o
 .bss           0x0000000000000000        0x0 usbd_req.o
 .text          0x0000000000000000        0x0 usbd_usr.o
 .data          0x0000000000000000        0x0 usbd_usr.o
 .bss           0x0000000000000000        0x0 usbd_usr.o
 .text          0x0000000000000000        0x0 utils.o
 .data          0x0000000000000000        0x0 utils.o
 .bss           0x0000000000000000        0x0 utils.o

Memory Configuration

Name             Origin             Length             Attributes
FLASH            0x0000000008000000 0x0000000000040000 xr
RAM              0x0000000020000000 0x0000000000010000 xrw
CCM_RAM          0x0000000010000000 0x0000000000000000 xrw
*default*        0x0000000000000000 0xffffffffffffffff

Linker script and memory map

                0x0000000000002000                _stack_size = 0x2000
                0x0000000020010000                _stack_start = (ORIGIN (RAM) + LENGTH (RAM))
                0x000000002000e000                _stack_end = (_stack_start - _stack_size)
                0x0000000020001914                _heap_start = _ebss
                0x000000002000e000                _heap_end = _stack_end
                0x000000000000c6ec                _heap_size = (_stack_end - _ebss)

.isr_vector     0x0000000008000000      0x188
                0x0000000008000000                . = ALIGN (0x4)
 *(.isr_vector)
 .isr_vector    0x0000000008000000      0x188 stm32f4_vector.o
                0x0000000008000000                g_pfnVectors
                0x0000000008000188                . = ALIGN (0x4)

.text           0x0000000008000188     0x4c50
 *(.text)
 *(.text.*)
 .text.delay_us
                0x0000000008000188       0x70 MY_DHT22.o
 .text.dht_read
                0x00000000080001f8      0x1ac MY_DHT22.o
                0x00000000080001f8                dht_read
 .text.dht_setup
                0x00000000080003a4       0x50 MY_DHT22.o
                0x00000000080003a4                dht_setup
 .text.analog_config
                0x00000000080003f4       0x2c adc.o
                0x00000000080003f4                analog_config
 .text.adc_config
                0x0000000008000420       0x3c adc.o
                0x0000000008000420                adc_config
 .text.adc_channel
                0x000000000800045c       0x10 adc.o
                0x000000000800045c                adc_channel
 .text.adc_read
                0x000000000800046c       0x24 adc.o
                0x000000000800046c                adc_read
 .text.arp_reply
                0x0000000008000490       0x90 arp.o
                0x0000000008000490                arp_reply
 .text.arp_request
                0x0000000008000520       0x70 arp.o
                0x0000000008000520                arp_request
 .text.arp_update
                0x0000000008000590       0x7c arp.o
                0x0000000008000590                arp_update
 .text.arp_check
                0x000000000800060c       0x44 arp.o
                0x000000000800060c                arp_check
 .text.task_pinit
                0x0000000008000650       0x14 coos.o
                0x0000000008000650                task_pinit
 .text.task_add
                0x0000000008000664       0x3c coos.o
                0x0000000008000664                task_add
 .text.task_schedule
                0x00000000080006a0       0x44 coos.o
                0x00000000080006a0                task_schedule
 .text.netif_send
                0x00000000080006e4       0xfc eth_netif.o
                0x00000000080006e4                netif_send
 .text.netif_recv
                0x00000000080007e0      0x118 eth_netif.o
                0x00000000080007e0                netif_recv
 .text.TIM2_IRQHandler
                0x00000000080008f8       0x54 hw_res.o
                0x00000000080008f8                TIM2_IRQHandler
 .text.tim2_init
                0x000000000800094c       0x50 hw_res.o
                0x000000000800094c                tim2_init
 .text.led_init
                0x000000000800099c       0x28 hw_res.o
                0x000000000800099c                led_init
 .text.sensor1_poll_data
                0x00000000080009c4       0x14 hw_res.o
                0x00000000080009c4                sensor1_poll_data
 .text.sensor2_poll_data
                0x00000000080009d8       0x14 hw_res.o
                0x00000000080009d8                sensor2_poll_data
 .text.icmp_echo_reply
                0x00000000080009ec       0x58 icmp.o
                0x00000000080009ec                icmp_echo_reply
 .text.ftoa     0x0000000008000a44       0xc8 ieee754.o
                0x0000000008000a44                ftoa
 .text.ip_out   0x0000000008000b0c       0x58 ip.o
                0x0000000008000b0c                ip_out
 .text.ip_in    0x0000000008000b64       0x94 ip.o
                0x0000000008000b64                ip_in
 .text.vsprintf
                0x0000000008000bf8      0x274 libc.o
 .text.strcpy   0x0000000008000e6c       0x10 libc.o
                0x0000000008000e6c                strcpy
 .text.strncpy  0x0000000008000e7c       0x3c libc.o
                0x0000000008000e7c                strncpy
 .text.strcat   0x0000000008000eb8       0x24 libc.o
                0x0000000008000eb8                strcat
 .text.strcmp   0x0000000008000edc       0x18 libc.o
                0x0000000008000edc                strcmp
 .text.strstr   0x0000000008000ef4       0x30 libc.o
                0x0000000008000ef4                strstr
 .text.strlen   0x0000000008000f24       0x18 libc.o
                0x0000000008000f24                strlen
 .text.strchr   0x0000000008000f3c       0x1c libc.o
                0x0000000008000f3c                strchr
 .text.strtok   0x0000000008000f58       0x60 libc.o
                0x0000000008000f58                strtok
 .text.strtol   0x0000000008000fb8       0x6c libc.o
                0x0000000008000fb8                strtol
 .text.atoi     0x0000000008001024       0x6c libc.o
                0x0000000008001024                atoi
 .text.itoa     0x0000000008001090       0xb8 libc.o
                0x0000000008001090                itoa
 .text.memcpy   0x0000000008001148       0x14 libc.o
                0x0000000008001148                memcpy
 .text.memcmp   0x000000000800115c       0x2c libc.o
                0x000000000800115c                memcmp
 .text.memset   0x0000000008001188       0x14 libc.o
                0x0000000008001188                memset
 .text.srand    0x000000000800119c        0xc libc.o
                0x000000000800119c                srand
 .text.sprintf  0x00000000080011a8       0x20 libc.o
                0x00000000080011a8                sprintf
 .text.network_task
                0x00000000080011c8       0x24 main.o
                0x00000000080011c8                network_task
 .text.dimer_topic
                0x00000000080011ec      0x120 main.o
                0x00000000080011ec                dimer_topic
 .text.relay_topic
                0x000000000800130c      0x150 main.o
                0x000000000800130c                relay_topic
 .text.app_udp_handler
                0x000000000800145c       0xa8 main.o
                0x000000000800145c                app_udp_handler
 .text.read_temperature
                0x0000000008001504       0x78 main.o
                0x0000000008001504                read_temperature
 .text.read_humidity
                0x000000000800157c       0x78 main.o
                0x000000000800157c                read_humidity
 .text.set_relay_automatic
                0x00000000080015f4       0x50 main.o
                0x00000000080015f4                set_relay_automatic
 .text.temp     0x0000000008001644       0x5c main.o
                0x0000000008001644                temp
 .text.set_pwm_lux
                0x00000000080016a0       0x84 main.o
                0x00000000080016a0                set_pwm_lux
 .text.sensor_ldr_data
                0x0000000008001724       0x7c main.o
                0x0000000008001724                sensor_ldr_data
 .text.ldr      0x00000000080017a0       0xcc main.o
                0x00000000080017a0                ldr
 .text.setup_topic
                0x000000000800186c       0x50 main.o
                0x000000000800186c                setup_topic
 .text.net_setup
                0x00000000080018bc       0x4c main.o
                0x00000000080018bc                net_setup
 .text.startup.main
                0x0000000008001908      0x150 main.o
                0x0000000008001908                main
 .text.heap_init
                0x0000000008001a58       0x34 malloc.o
                0x0000000008001a58                heap_init
 .text.NVIC_PriorityGroupConfig
                0x0000000008001a8c       0x14 misc.o
                0x0000000008001a8c                NVIC_PriorityGroupConfig
 .text.NVIC_Init
                0x0000000008001aa0       0x70 misc.o
                0x0000000008001aa0                NVIC_Init
 .text.pwm_config
                0x0000000008001b10       0xb8 pwm.o
                0x0000000008001b10                pwm_config
 .text.Dummy_Handler
                0x0000000008001bc8        0x4 stm32f4_vector.o
                0x0000000008001bc8                RTC_Alarm_IRQHandler
                0x0000000008001bc8                HASH_RNG_IRQHandler
                0x0000000008001bc8                EXTI2_IRQHandler
                0x0000000008001bc8                TIM8_CC_IRQHandler
                0x0000000008001bc8                DebugMon_Handler
                0x0000000008001bc8                TIM1_CC_IRQHandler
                0x0000000008001bc8                DMA2_Stream5_IRQHandler
                0x0000000008001bc8                HardFault_Handler
                0x0000000008001bc8                DMA1_Stream5_IRQHandler
                0x0000000008001bc8                PVD_IRQHandler
                0x0000000008001bc8                SDIO_IRQHandler
                0x0000000008001bc8                TAMP_STAMP_IRQHandler
                0x0000000008001bc8                PendSV_Handler
                0x0000000008001bc8                NMI_Handler
                0x0000000008001bc8                CAN2_RX1_IRQHandler
                0x0000000008001bc8                EXTI3_IRQHandler
                0x0000000008001bc8                TIM8_TRG_COM_TIM14_IRQHandler
                0x0000000008001bc8                TIM1_UP_TIM10_IRQHandler
                0x0000000008001bc8                TIM8_UP_TIM13_IRQHandler
                0x0000000008001bc8                I2C3_ER_IRQHandler
                0x0000000008001bc8                EXTI0_IRQHandler
                0x0000000008001bc8                I2C2_EV_IRQHandler
                0x0000000008001bc8                DMA1_Stream2_IRQHandler
                0x0000000008001bc8                CAN1_RX0_IRQHandler
                0x0000000008001bc8                FPU_IRQHandler
                0x0000000008001bc8                OTG_HS_WKUP_IRQHandler
                0x0000000008001bc8                UsageFault_Handler
                0x0000000008001bc8                CAN2_SCE_IRQHandler
                0x0000000008001bc8                DMA2_Stream2_IRQHandler
                0x0000000008001bc8                SPI1_IRQHandler
                0x0000000008001bc8                TIM6_DAC_IRQHandler
                0x0000000008001bc8                TIM1_BRK_TIM9_IRQHandler
                0x0000000008001bc8                DCMI_IRQHandler
                0x0000000008001bc8                CAN2_RX0_IRQHandler
                0x0000000008001bc8                DMA2_Stream3_IRQHandler
                0x0000000008001bc8                USART3_IRQHandler
                0x0000000008001bc8                CRYP_IRQHandler
                0x0000000008001bc8                CAN1_RX1_IRQHandler
                0x0000000008001bc8                UART5_IRQHandler
                0x0000000008001bc8                DMA2_Stream0_IRQHandler
                0x0000000008001bc8                Dummy_Handler
                0x0000000008001bc8                TIM4_IRQHandler
                0x0000000008001bc8                I2C1_EV_IRQHandler
                0x0000000008001bc8                DMA1_Stream6_IRQHandler
                0x0000000008001bc8                DMA1_Stream1_IRQHandler
                0x0000000008001bc8                UART4_IRQHandler
                0x0000000008001bc8                TIM3_IRQHandler
                0x0000000008001bc8                RCC_IRQHandler
                0x0000000008001bc8                TIM8_BRK_TIM12_IRQHandler
                0x0000000008001bc8                EXTI15_10_IRQHandler
                0x0000000008001bc8                ADC_IRQHandler
                0x0000000008001bc8                DMA1_Stream7_IRQHandler
                0x0000000008001bc8                TIM7_IRQHandler
                0x0000000008001bc8                CAN2_TX_IRQHandler
                0x0000000008001bc8                TIM5_IRQHandler
                0x0000000008001bc8                DMA2_Stream7_IRQHandler
                0x0000000008001bc8                I2C3_EV_IRQHandler
                0x0000000008001bc8                EXTI9_5_IRQHandler
                0x0000000008001bc8                RTC_WKUP_IRQHandler
                0x0000000008001bc8                ETH_WKUP_IRQHandler
                0x0000000008001bc8                SPI2_IRQHandler
                0x0000000008001bc8                OTG_HS_EP1_IN_IRQHandler
                0x0000000008001bc8                MemManage_Handler
                0x0000000008001bc8                DMA1_Stream0_IRQHandler
                0x0000000008001bc8                CAN1_TX_IRQHandler
                0x0000000008001bc8                SVC_Handler
                0x0000000008001bc8                EXTI4_IRQHandler
                0x0000000008001bc8                FSMC_IRQHandler
                0x0000000008001bc8                ETH_IRQHandler
                0x0000000008001bc8                OTG_HS_EP1_OUT_IRQHandler
                0x0000000008001bc8                WWDG_IRQHandler
                0x0000000008001bc8                OTG_FS_WKUP_IRQHandler
                0x0000000008001bc8                TIM1_TRG_COM_TIM11_IRQHandler
                0x0000000008001bc8                OTG_HS_IRQHandler
                0x0000000008001bc8                EXTI1_IRQHandler
                0x0000000008001bc8                I2C2_ER_IRQHandler
                0x0000000008001bc8                DMA2_Stream1_IRQHandler
                0x0000000008001bc8                CAN1_SCE_IRQHandler
                0x0000000008001bc8                FLASH_IRQHandler
                0x0000000008001bc8                DMA2_Stream4_IRQHandler
                0x0000000008001bc8                BusFault_Handler
                0x0000000008001bc8                SPI3_IRQHandler
                0x0000000008001bc8                DMA1_Stream4_IRQHandler
                0x0000000008001bc8                I2C1_ER_IRQHandler
                0x0000000008001bc8                DMA2_Stream6_IRQHandler
                0x0000000008001bc8                DMA1_Stream3_IRQHandler
 .text.SysTick_Handler
                0x0000000008001bcc       0x1c stm32f4_vector.o
                0x0000000008001bcc                SysTick_Handler
 .text.Reset_Handler
                0x0000000008001be8       0xa4 stm32f4_vector.o
                0x0000000008001be8                Reset_Handler
 .text.delay_ms
                0x0000000008001c8c       0x28 stm32f4_vector.o
                0x0000000008001c8c                delay_ms
 .text._di      0x0000000008001cb4        0x4 stm32f4_vector.o
                0x0000000008001cb4                _di
 .text._ei      0x0000000008001cb8        0x8 stm32f4_vector.o
                0x0000000008001cb8                _ei
 .text.ADC_Init
                0x0000000008001cc0       0x50 stm32f4xx_adc.o
                0x0000000008001cc0                ADC_Init
 .text.ADC_Cmd  0x0000000008001d10       0x14 stm32f4xx_adc.o
                0x0000000008001d10                ADC_Cmd
 .text.ADC_RegularChannelConfig
                0x0000000008001d24       0x9c stm32f4xx_adc.o
                0x0000000008001d24                ADC_RegularChannelConfig
 .text.ADC_SoftwareStartConv
                0x0000000008001dc0        0xc stm32f4xx_adc.o
                0x0000000008001dc0                ADC_SoftwareStartConv
 .text.ADC_GetConversionValue
                0x0000000008001dcc        0x8 stm32f4xx_adc.o
                0x0000000008001dcc                ADC_GetConversionValue
 .text.ADC_GetFlagStatus
                0x0000000008001dd4        0xc stm32f4xx_adc.o
                0x0000000008001dd4                ADC_GetFlagStatus
 .text.GPIO_Init
                0x0000000008001de0       0x94 stm32f4xx_gpio.o
                0x0000000008001de0                GPIO_Init
 .text.GPIO_ReadInputDataBit
                0x0000000008001e74        0xc stm32f4xx_gpio.o
                0x0000000008001e74                GPIO_ReadInputDataBit
 .text.GPIO_SetBits
                0x0000000008001e80        0x4 stm32f4xx_gpio.o
                0x0000000008001e80                GPIO_SetBits
 .text.GPIO_ResetBits
                0x0000000008001e84        0x8 stm32f4xx_gpio.o
                0x0000000008001e84                GPIO_ResetBits
 .text.GPIO_ToggleBits
                0x0000000008001e8c        0x8 stm32f4xx_gpio.o
                0x0000000008001e8c                GPIO_ToggleBits
 .text.GPIO_PinAFConfig
                0x0000000008001e94       0x28 stm32f4xx_gpio.o
                0x0000000008001e94                GPIO_PinAFConfig
 .text.RCC_GetClocksFreq
                0x0000000008001ebc       0x8c stm32f4xx_rcc.o
                0x0000000008001ebc                RCC_GetClocksFreq
 .text.RCC_AHB1PeriphClockCmd
                0x0000000008001f48       0x18 stm32f4xx_rcc.o
                0x0000000008001f48                RCC_AHB1PeriphClockCmd
 .text.RCC_AHB2PeriphClockCmd
                0x0000000008001f60       0x18 stm32f4xx_rcc.o
                0x0000000008001f60                RCC_AHB2PeriphClockCmd
 .text.RCC_APB1PeriphClockCmd
                0x0000000008001f78       0x18 stm32f4xx_rcc.o
                0x0000000008001f78                RCC_APB1PeriphClockCmd
 .text.RCC_APB2PeriphClockCmd
                0x0000000008001f90       0x18 stm32f4xx_rcc.o
                0x0000000008001f90                RCC_APB2PeriphClockCmd
 .text.RCC_APB1PeriphResetCmd
                0x0000000008001fa8       0x18 stm32f4xx_rcc.o
                0x0000000008001fa8                RCC_APB1PeriphResetCmd
 .text.TIM_TimeBaseInit
                0x0000000008001fc0       0x84 stm32f4xx_tim.o
                0x0000000008001fc0                TIM_TimeBaseInit
 .text.TIM_TimeBaseStructInit
                0x0000000008002044       0x10 stm32f4xx_tim.o
                0x0000000008002044                TIM_TimeBaseStructInit
 .text.TIM_Cmd  0x0000000008002054       0x18 stm32f4xx_tim.o
                0x0000000008002054                TIM_Cmd
 .text.TIM_OC3Init
                0x000000000800206c       0x74 stm32f4xx_tim.o
                0x000000000800206c                TIM_OC3Init
 .text.TIM_OC4Init
                0x00000000080020e0       0x60 stm32f4xx_tim.o
                0x00000000080020e0                TIM_OC4Init
 .text.TIM_OC3PreloadConfig
                0x0000000008002140       0x10 stm32f4xx_tim.o
                0x0000000008002140                TIM_OC3PreloadConfig
 .text.TIM_OC4PreloadConfig
                0x0000000008002150       0x14 stm32f4xx_tim.o
                0x0000000008002150                TIM_OC4PreloadConfig
 .text.TIM_ITConfig
                0x0000000008002164       0x14 stm32f4xx_tim.o
                0x0000000008002164                TIM_ITConfig
 .text.TIM_GetITStatus
                0x0000000008002178       0x14 stm32f4xx_tim.o
                0x0000000008002178                TIM_GetITStatus
 .text.TIM_ClearITPendingBit
                0x000000000800218c        0x8 stm32f4xx_tim.o
                0x000000000800218c                TIM_ClearITPendingBit
 .text.USART_Init
                0x0000000008002194       0xc0 stm32f4xx_usart.o
                0x0000000008002194                USART_Init
 .text.USART_Cmd
                0x0000000008002254       0x18 stm32f4xx_usart.o
                0x0000000008002254                USART_Cmd
 .text.USART_SendData
                0x000000000800226c        0x8 stm32f4xx_usart.o
                0x000000000800226c                USART_SendData
 .text.USART_ReceiveData
                0x0000000008002274        0x8 stm32f4xx_usart.o
                0x0000000008002274                USART_ReceiveData
 .text.USART_ITConfig
                0x000000000800227c       0x34 stm32f4xx_usart.o
                0x000000000800227c                USART_ITConfig
 .text.USART_GetFlagStatus
                0x00000000080022b0        0xc stm32f4xx_usart.o
                0x00000000080022b0                USART_GetFlagStatus
 .text.USART_GetITStatus
                0x00000000080022bc       0x3c stm32f4xx_usart.o
                0x00000000080022bc                USART_GetITStatus
 .text.SystemInit
                0x00000000080022f8       0xf8 system_stm32f4xx.o
                0x00000000080022f8                SystemInit
 .text.SystemCoreClockUpdate
                0x00000000080023f0       0x70 system_stm32f4xx.o
                0x00000000080023f0                SystemCoreClockUpdate
 .text.if_setup
                0x0000000008002460       0x14 tuntap_if.o
                0x0000000008002460                if_setup
 .text.en_ll_output
                0x0000000008002474       0x60 tuntap_if.o
                0x0000000008002474                en_ll_output
 .text.en_ll_input
                0x00000000080024d4       0xac tuntap_if.o
                0x00000000080024d4                en_ll_input
 .text.udpchksum
                0x0000000008002580       0x44 udp.o
 .text.udp_out  0x00000000080025c4       0x58 udp.o
                0x00000000080025c4                udp_out
 .text.udp_in   0x000000000800261c       0x70 udp.o
                0x000000000800261c                udp_in
 .text.udp_set_callback
                0x000000000800268c        0xc udp.o
                0x000000000800268c                udp_set_callback
 .text.USART1_IRQHandler
                0x0000000008002698       0x60 usart.o
                0x0000000008002698                USART1_IRQHandler
 .text.USART2_IRQHandler
                0x00000000080026f8       0x64 usart.o
                0x00000000080026f8                USART2_IRQHandler
 .text.USART6_IRQHandler
                0x000000000800275c       0x64 usart.o
                0x000000000800275c                USART6_IRQHandler
 .text.uart_init
                0x00000000080027c0      0x240 usart.o
                0x00000000080027c0                uart_init
 .text.uart_rxsize
                0x0000000008002a00       0x74 usart.o
                0x0000000008002a00                uart_rxsize
 .text.uart_tx  0x0000000008002a74       0x90 usart.o
                0x0000000008002a74                uart_tx
 .text.uart_rx  0x0000000008002b04      0x194 usart.o
                0x0000000008002b04                uart_rx
 .text.USB_OTG_BSP_Init
                0x0000000008002c98       0x8c usb_bsp.o
                0x0000000008002c98                USB_OTG_BSP_Init
 .text.USB_OTG_BSP_EnableInterrupt
                0x0000000008002d24       0x20 usb_bsp.o
                0x0000000008002d24                USB_OTG_BSP_EnableInterrupt
 .text.USB_OTG_BSP_uDelay
                0x0000000008002d44        0x4 usb_bsp.o
                0x0000000008002d44                USB_OTG_BSP_uDelay
 .text.USB_OTG_BSP_mDelay
                0x0000000008002d48        0x4 usb_bsp.o
                0x0000000008002d48                USB_OTG_BSP_mDelay
 .text.OTG_FS_IRQHandler
                0x0000000008002d4c        0xc usb_bsp.o
                0x0000000008002d4c                OTG_FS_IRQHandler
 .text.USB_OTG_CoreReset.isra.0
                0x0000000008002d58       0x54 usb_core.o
 .text.USB_OTG_WritePacket
                0x0000000008002dac       0x28 usb_core.o
                0x0000000008002dac                USB_OTG_WritePacket
 .text.USB_OTG_ReadPacket
                0x0000000008002dd4       0x2c usb_core.o
                0x0000000008002dd4                USB_OTG_ReadPacket
 .text.USB_OTG_SelectCore
                0x0000000008002e00      0x120 usb_core.o
                0x0000000008002e00                USB_OTG_SelectCore
 .text.USB_OTG_CoreInit
                0x0000000008002f20       0xe8 usb_core.o
                0x0000000008002f20                USB_OTG_CoreInit
 .text.USB_OTG_EnableGlobalInt
                0x0000000008003008       0x10 usb_core.o
                0x0000000008003008                USB_OTG_EnableGlobalInt
 .text.USB_OTG_DisableGlobalInt
                0x0000000008003018       0x10 usb_core.o
                0x0000000008003018                USB_OTG_DisableGlobalInt
 .text.USB_OTG_FlushTxFifo
                0x0000000008003028       0x40 usb_core.o
                0x0000000008003028                USB_OTG_FlushTxFifo
 .text.USB_OTG_SetCurrentMode
                0x0000000008003068       0x30 usb_core.o
                0x0000000008003068                USB_OTG_SetCurrentMode
 .text.USB_OTG_IsDeviceMode
                0x0000000008003098        0xc usb_core.o
                0x0000000008003098                USB_OTG_IsDeviceMode
 .text.USB_OTG_ReadCoreItr
                0x00000000080030a4        0xc usb_core.o
                0x00000000080030a4                USB_OTG_ReadCoreItr
 .text.USB_OTG_EnableDevInt
                0x00000000080030b0       0x3c usb_core.o
                0x00000000080030b0                USB_OTG_EnableDevInt
 .text.USB_OTG_CoreInitDev
                0x00000000080030ec      0x134 usb_core.o
                0x00000000080030ec                USB_OTG_CoreInitDev
 .text.USB_OTG_GetDeviceSpeed
                0x0000000008003220       0x1c usb_core.o
                0x0000000008003220                USB_OTG_GetDeviceSpeed
 .text.USB_OTG_EP0Activate
                0x000000000800323c       0x28 usb_core.o
                0x000000000800323c                USB_OTG_EP0Activate
 .text.USB_OTG_EPActivate
                0x0000000008003264       0x70 usb_core.o
                0x0000000008003264                USB_OTG_EPActivate
 .text.USB_OTG_EPDeactivate
                0x00000000080032d4       0x38 usb_core.o
                0x00000000080032d4                USB_OTG_EPDeactivate
 .text.USB_OTG_EPStartXfer
                0x000000000800330c      0x160 usb_core.o
                0x000000000800330c                USB_OTG_EPStartXfer
 .text.USB_OTG_EP0StartXfer
                0x000000000800346c       0xdc usb_core.o
                0x000000000800346c                USB_OTG_EP0StartXfer
 .text.USB_OTG_EPSetStall
                0x0000000008003548       0x48 usb_core.o
                0x0000000008003548                USB_OTG_EPSetStall
 .text.USB_OTG_EPClearStall
                0x0000000008003590       0x30 usb_core.o
                0x0000000008003590                USB_OTG_EPClearStall
 .text.USB_OTG_ReadDevAllOutEp_itr
                0x00000000080035c0        0xc usb_core.o
                0x00000000080035c0                USB_OTG_ReadDevAllOutEp_itr
 .text.USB_OTG_ReadDevOutEP_itr
                0x00000000080035cc       0x10 usb_core.o
                0x00000000080035cc                USB_OTG_ReadDevOutEP_itr
 .text.USB_OTG_ReadDevAllInEPItr
                0x00000000080035dc        0xc usb_core.o
                0x00000000080035dc                USB_OTG_ReadDevAllInEPItr
 .text.USB_OTG_EP0_OutStart
                0x00000000080035e8       0x20 usb_core.o
                0x00000000080035e8                USB_OTG_EP0_OutStart
 .text.DCD_Init
                0x0000000008003608       0x8c usb_dcd.o
                0x0000000008003608                DCD_Init
 .text.DCD_EP_Open
                0x0000000008003694       0x6c usb_dcd.o
                0x0000000008003694                DCD_EP_Open
 .text.DCD_EP_Close
                0x0000000008003700       0x3c usb_dcd.o
                0x0000000008003700                DCD_EP_Close
 .text.DCD_EP_PrepareRx
                0x000000000800373c       0x4c usb_dcd.o
                0x000000000800373c                DCD_EP_PrepareRx
 .text.DCD_EP_Tx
                0x0000000008003788       0x44 usb_dcd.o
                0x0000000008003788                DCD_EP_Tx
 .text.DCD_EP_Stall
                0x00000000080037cc       0x40 usb_dcd.o
                0x00000000080037cc                DCD_EP_Stall
 .text.DCD_EP_ClrStall
                0x000000000800380c       0x40 usb_dcd.o
                0x000000000800380c                DCD_EP_ClrStall
 .text.DCD_EP_SetAddress
                0x000000000800384c       0x10 usb_dcd.o
                0x000000000800384c                DCD_EP_SetAddress
 .text.USBD_OTG_ISR_Handler
                0x000000000800385c      0x510 usb_dcd_int.o
                0x000000000800385c                USBD_OTG_ISR_Handler
 .text.usbd_cdc_EP0_RxReady
                0x0000000008003d6c       0x30 usbd_cdc_core.o
 .text.USBD_cdc_GetCfgDesc
                0x0000000008003d9c        0xc usbd_cdc_core.o
 .text.usbd_cdc_SOF
                0x0000000008003da8       0x98 usbd_cdc_core.o
 .text.usbd_cdc_DataOut
                0x0000000008003e40       0x38 usbd_cdc_core.o
 .text.usbd_cdc_Setup
                0x0000000008003e78       0xb4 usbd_cdc_core.o
 .text.usbd_cdc_DeInit
                0x0000000008003f2c       0x28 usbd_cdc_core.o
 .text.usbd_cdc_Init
                0x0000000008003f54       0x60 usbd_cdc_core.o
 .text.usbd_cdc_DataIn
                0x0000000008003fb4       0x60 usbd_cdc_core.o
 .text.VCP_Init
                0x0000000008004014        0x4 usbd_cdc_vcp.o
 .text.VCP_Ctrl
                0x0000000008004018       0x54 usbd_cdc_vcp.o
 .text.VCP_DataTx
                0x000000000800406c       0x38 usbd_cdc_vcp.o
 .text.VCP_DataRx
                0x00000000080040a4       0x50 usbd_cdc_vcp.o
 .text.VCP_DeInit
                0x00000000080040f4        0x4 usbd_cdc_vcp.o
 .text.VCP_putchar
                0x00000000080040f8       0x24 usbd_cdc_vcp.o
                0x00000000080040f8                VCP_putchar
 .text.VCP_kbhit
                0x000000000800411c       0x18 usbd_cdc_vcp.o
                0x000000000800411c                VCP_kbhit
 .text.VCP_getchar
                0x0000000008004134       0x40 usbd_cdc_vcp.o
                0x0000000008004134                VCP_getchar
 .text.USBD_Resume
                0x0000000008004174       0x18 usbd_core.o
 .text.USBD_Suspend
                0x000000000800418c       0x14 usbd_core.o
 .text.USBD_SOF
                0x00000000080041a0       0x10 usbd_core.o
 .text.USBD_IsoINIncomplete
                0x00000000080041b0       0x10 usbd_core.o
 .text.USBD_IsoOUTIncomplete
                0x00000000080041c0       0x10 usbd_core.o
 .text.USBD_DevConnected
                0x00000000080041d0       0x10 usbd_core.o
 .text.USBD_DevDisconnected
                0x00000000080041e0       0x1c usbd_core.o
 .text.USBD_Reset
                0x00000000080041fc       0x30 usbd_core.o
 .text.USBD_SetupStage
                0x000000000800422c       0x58 usbd_core.o
 .text.USBD_DataInStage
                0x0000000008004284       0x9c usbd_core.o
 .text.USBD_DataOutStage
                0x0000000008004320       0x78 usbd_core.o
 .text.USBD_Init
                0x0000000008004398       0x3c usbd_core.o
                0x0000000008004398                USBD_Init
 .text.USBD_SetCfg
                0x00000000080043d4       0x18 usbd_core.o
                0x00000000080043d4                USBD_SetCfg
 .text.USBD_ClrCfg
                0x00000000080043ec       0x10 usbd_core.o
                0x00000000080043ec                USBD_ClrCfg
 .text.USBD_USR_DeviceDescriptor
                0x00000000080043fc        0xc usbd_desc.o
                0x00000000080043fc                USBD_USR_DeviceDescriptor
 .text.USBD_USR_LangIDStrDescriptor
                0x0000000008004408        0xc usbd_desc.o
                0x0000000008004408                USBD_USR_LangIDStrDescriptor
 .text.USBD_USR_ProductStrDescriptor
                0x0000000008004414       0x1c usbd_desc.o
                0x0000000008004414                USBD_USR_ProductStrDescriptor
 .text.USBD_USR_ManufacturerStrDescriptor
                0x0000000008004430       0x1c usbd_desc.o
                0x0000000008004430                USBD_USR_ManufacturerStrDescriptor
 .text.USBD_USR_SerialStrDescriptor
                0x000000000800444c       0x1c usbd_desc.o
                0x000000000800444c                USBD_USR_SerialStrDescriptor
 .text.USBD_USR_ConfigStrDescriptor
                0x0000000008004468       0x1c usbd_desc.o
                0x0000000008004468                USBD_USR_ConfigStrDescriptor
 .text.USBD_USR_InterfaceStrDescriptor
                0x0000000008004484       0x1c usbd_desc.o
                0x0000000008004484                USBD_USR_InterfaceStrDescriptor
 .text.USBD_CtlSendData
                0x00000000080044a0       0x20 usbd_ioreq.o
                0x00000000080044a0                USBD_CtlSendData
 .text.USBD_CtlContinueSendData
                0x00000000080044c0       0x10 usbd_ioreq.o
                0x00000000080044c0                USBD_CtlContinueSendData
 .text.USBD_CtlPrepareRx
                0x00000000080044d0       0x20 usbd_ioreq.o
                0x00000000080044d0                USBD_CtlPrepareRx
 .text.USBD_CtlContinueRx
                0x00000000080044f0       0x10 usbd_ioreq.o
                0x00000000080044f0                USBD_CtlContinueRx
 .text.USBD_CtlSendStatus
                0x0000000008004500       0x20 usbd_ioreq.o
                0x0000000008004500                USBD_CtlSendStatus
 .text.USBD_CtlReceiveStatus
                0x0000000008004520       0x20 usbd_ioreq.o
                0x0000000008004520                USBD_CtlReceiveStatus
 .text.USBD_StdDevReq
                0x0000000008004540      0x300 usbd_req.o
                0x0000000008004540                USBD_StdDevReq
 .text.USBD_StdItfReq
                0x0000000008004840       0x54 usbd_req.o
                0x0000000008004840                USBD_StdItfReq
 .text.USBD_StdEPReq
                0x0000000008004894       0xe4 usbd_req.o
                0x0000000008004894                USBD_StdEPReq
 .text.USBD_ParseSetupRequest
                0x0000000008004978       0x24 usbd_req.o
                0x0000000008004978                USBD_ParseSetupRequest
 .text.USBD_CtlError
                0x000000000800499c       0x34 usbd_req.o
                0x000000000800499c                USBD_CtlError
 .text.USBD_GetString
                0x00000000080049d0       0x50 usbd_req.o
                0x00000000080049d0                USBD_GetString
 .text.USBD_USR_Init
                0x0000000008004a20        0xc usbd_usr.o
                0x0000000008004a20                USBD_USR_Init
 .text.USBD_USR_DeviceReset
                0x0000000008004a2c        0xc usbd_usr.o
                0x0000000008004a2c                USBD_USR_DeviceReset
 .text.USBD_USR_DeviceConfigured
                0x0000000008004a38        0xc usbd_usr.o
                0x0000000008004a38                USBD_USR_DeviceConfigured
 .text.USBD_USR_DeviceResumed
                0x0000000008004a44        0xc usbd_usr.o
                0x0000000008004a44                USBD_USR_DeviceResumed
 .text.USBD_USR_DeviceConnected
                0x0000000008004a50        0xc usbd_usr.o
                0x0000000008004a50                USBD_USR_DeviceConnected
 .text.USBD_USR_DeviceDisconnected
                0x0000000008004a5c        0xc usbd_usr.o
                0x0000000008004a5c                USBD_USR_DeviceDisconnected
 .text.USBD_USR_DeviceSuspended
                0x0000000008004a68        0xc usbd_usr.o
                0x0000000008004a68                USBD_USR_DeviceSuspended
 .text.checksum
                0x0000000008004a74       0x44 utils.o
                0x0000000008004a74                checksum
 .text.is_broadcast_mac
                0x0000000008004ab8       0x2c utils.o
                0x0000000008004ab8                is_broadcast_mac
 .text.is_any_mac
                0x0000000008004ae4       0x2c utils.o
                0x0000000008004ae4                is_any_mac
 .text.is_local_mac
                0x0000000008004b10       0x18 utils.o
                0x0000000008004b10                is_local_mac
 .text.ip_addr_maskcmp
                0x0000000008004b28       0x28 utils.o
                0x0000000008004b28                ip_addr_maskcmp
 .text.ip_addr_cmp
                0x0000000008004b50       0x10 utils.o
                0x0000000008004b50                ip_addr_cmp
 .text.ip_addr_isany
                0x0000000008004b60       0x20 utils.o
                0x0000000008004b60                ip_addr_isany
 .text.ip_addr_isbroadcast
                0x0000000008004b80       0x58 utils.o
                0x0000000008004b80                ip_addr_isbroadcast
 .text.ip_addr_ismulticast
                0x0000000008004bd8       0x28 utils.o
                0x0000000008004bd8                ip_addr_ismulticast
 .text.config   0x0000000008004c00       0x4c utils.o
                0x0000000008004c00                config
 *(.rodata)
 .rodata        0x0000000008004c4c        0x6 utils.o
 *(.rodata.*)
 *fill*         0x0000000008004c52        0x2 
 .rodata.vsprintf.str1.4
                0x0000000008004c54       0x19 libc.o
 *fill*         0x0000000008004c6d        0x3 
 .rodata.dimer_topic.str1.4
                0x0000000008004c70        0xc main.o
 .rodata.relay_topic.str1.4
                0x0000000008004c7c        0x8 main.o
 .rodata.app_udp_handler.str1.4
                0x0000000008004c84       0x34 main.o
 .rodata.read_temperature.str1.4
                0x0000000008004cb8       0x20 main.o
 .rodata.read_humidity.str1.4
                0x0000000008004cd8       0x21 main.o
 *fill*         0x0000000008004cf9        0x3 
 .rodata.temp.str1.4
                0x0000000008004cfc       0x22 main.o
 *fill*         0x0000000008004d1e        0x2 
 .rodata.sensor_ldr_data.str1.4
                0x0000000008004d20        0xe main.o
 *fill*         0x0000000008004d2e        0x2 
 .rodata.ldr.str1.4
                0x0000000008004d30        0xd main.o
 *fill*         0x0000000008004d3d        0x3 
 .rodata.setup_topic.str1.4
                0x0000000008004d40        0x7 main.o
 .rodata.net_setup.str1.4
                0x0000000008004d47        0x7 main.o
                                          0x1 (size before relaxing)
 *fill*         0x0000000008004d47        0x1 
 .rodata.main.str1.4
                0x0000000008004d48       0x2e main.o
 *fill*         0x0000000008004d76        0x2 
 .rodata.USBD_USR_ProductStrDescriptor.str1.4
                0x0000000008004d78       0x16 usbd_desc.o
 *fill*         0x0000000008004d8e        0x2 
 .rodata.USBD_USR_ManufacturerStrDescriptor.str1.4
                0x0000000008004d90       0x13 usbd_desc.o
 *fill*         0x0000000008004da3        0x1 
 .rodata.USBD_USR_SerialStrDescriptor.str1.4
                0x0000000008004da4        0xd usbd_desc.o
 *fill*         0x0000000008004db1        0x3 
 .rodata.USBD_USR_ConfigStrDescriptor.str1.4
                0x0000000008004db4        0xb usbd_desc.o
 *fill*         0x0000000008004dbf        0x1 
 .rodata.USBD_USR_InterfaceStrDescriptor.str1.4
                0x0000000008004dc0        0xe usbd_desc.o
 *fill*         0x0000000008004dce        0x2 
 .rodata.is_broadcast_mac.str1.4
                0x0000000008004dd0        0x7 utils.o
 *(.strings)
 *(.glue_7)
 .glue_7        0x0000000008004dd7        0x0 linker stubs
 *(.glue_7t)
 .glue_7t       0x0000000008004dd7        0x0 linker stubs
 *(.eh_frame_hdr)
 *(.eh_frame)
 *(.init)
 *(.fini)
                0x0000000008004dd8                . = ALIGN (0x4)
 *fill*         0x0000000008004dd7        0x1 
                0x0000000008004dd8                _etext = .
                0x0000000008004dd8                _sidata = .

.vfp11_veneer   0x0000000008004dd8        0x0
 .vfp11_veneer  0x0000000008004dd8        0x0 linker stubs

.v4_bx          0x0000000008004dd8        0x0
 .v4_bx         0x0000000008004dd8        0x0 linker stubs

.iplt           0x0000000008004dd8        0x0
 .iplt          0x0000000008004dd8        0x0 MY_DHT22.o

.rel.dyn        0x0000000008004dd8        0x0
 .rel.iplt      0x0000000008004dd8        0x0 MY_DHT22.o

.data           0x0000000020000000      0x17c load address 0x0000000008004dd8
                0x0000000020000000                . = ALIGN (0x4)
                0x0000000020000000                _sdata = .
 *(.data)
 *(.data.*)
 .data.cur      0x0000000020000000        0x4 coos.o
 .data.rand1    0x0000000020000004        0x4 libc.o
 .data.mymac    0x0000000020000008        0x6 main.o
                0x0000000020000008                mymac
 *fill*         0x000000002000000e        0x2 
 .data.LUX_MAX  0x0000000020000010        0x4 main.o
                0x0000000020000010                LUX_MAX
 .data.LUX_MIN  0x0000000020000014        0x4 main.o
                0x0000000020000014                LUX_MIN
 .data.relay2   0x0000000020000018        0xc main.o
                0x0000000020000018                relay2
 .data.relay1   0x0000000020000024        0xc main.o
                0x0000000020000024                relay1
 .data.dht_sensor
                0x0000000020000030       0x18 main.o
                0x0000000020000030                dht_sensor
 .data.APBAHBPrescTable
                0x0000000020000048       0x10 stm32f4xx_rcc.o
 .data.AHBPrescTable
                0x0000000020000058       0x10 system_stm32f4xx.o
                0x0000000020000058                AHBPrescTable
 .data.SystemCoreClock
                0x0000000020000068        0x4 system_stm32f4xx.o
                0x0000000020000068                SystemCoreClock
 .data.USBD_CDC_cb
                0x000000002000006c       0x2c usbd_cdc_core.o
                0x000000002000006c                USBD_CDC_cb
 .data.cdcCmd   0x0000000020000098        0x4 usbd_cdc_core.o
 .data.usbd_cdc_CfgDesc
                0x000000002000009c       0x43 usbd_cdc_core.o
                0x000000002000009c                usbd_cdc_CfgDesc
 *fill*         0x00000000200000df        0x1 
 .data.VCP_fops
                0x00000000200000e0       0x14 usbd_cdc_vcp.o
                0x00000000200000e0                VCP_fops
 .data.linecoding
                0x00000000200000f4        0x8 usbd_cdc_vcp.o
                0x00000000200000f4                linecoding
 .data.USBD_DCD_INT_fops
                0x00000000200000fc        0x4 usbd_core.o
                0x00000000200000fc                USBD_DCD_INT_fops
 .data.USBD_DCD_INT_cb
                0x0000000020000100       0x2c usbd_core.o
                0x0000000020000100                USBD_DCD_INT_cb
 .data.USBD_LangIDDesc
                0x000000002000012c        0x4 usbd_desc.o
                0x000000002000012c                USBD_LangIDDesc
 .data.USBD_DeviceDesc
                0x0000000020000130       0x12 usbd_desc.o
                0x0000000020000130                USBD_DeviceDesc
 *fill*         0x0000000020000142        0x2 
 .data.USR_desc
                0x0000000020000144       0x1c usbd_desc.o
                0x0000000020000144                USR_desc
 .data.USR_cb   0x0000000020000160       0x1c usbd_usr.o
                0x0000000020000160                USR_cb
                0x000000002000017c                . = ALIGN (0x4)
                0x000000002000017c                _edata = .

.igot.plt       0x000000002000017c        0x0 load address 0x0000000008004f54
 .igot.plt      0x000000002000017c        0x0 MY_DHT22.o

.bss            0x0000000020000180     0x1794 load address 0x0000000008004f58
                0x0000000020000180                . = ALIGN (0x4)
                0x0000000020000180                _sbss = .
 *(.bss)
 *(.bss.*)
 .bss.arp_index
                0x0000000020000180        0x4 arp.o
 .bss.arp_cache
                0x0000000020000184       0xa0 arp.o
                0x0000000020000184                arp_cache
 .bss.pcurrtask
                0x0000000020000224        0x4 coos.o
 .bss.ptasks    0x0000000020000228        0x4 coos.o
 .bss.secs.0    0x000000002000022c        0x2 hw_res.o
 *fill*         0x000000002000022e        0x2 
 .bss.sensor2_poll
                0x0000000020000230        0x4 hw_res.o
 .bss.sensor1_poll
                0x0000000020000234        0x4 hw_res.o
 .bss.ip_callback
                0x0000000020000238        0x4 ip.o
 .bss.last.0    0x000000002000023c        0x4 libc.o
 .bss.f.0       0x0000000020000240        0x4 main.o
 .bss.mygw      0x0000000020000244        0x4 main.o
                0x0000000020000244                mygw
 .bss.mynm      0x0000000020000248        0x4 main.o
                0x0000000020000248                mynm
 .bss.myip      0x000000002000024c        0x4 main.o
                0x000000002000024c                myip
 .bss.eth_frame
                0x0000000020000250      0x252 main.o
                0x0000000020000250                eth_frame
 *fill*         0x00000000200004a2        0x2 
 .bss.last_free
                0x00000000200004a4        0x4 malloc.o
                0x00000000200004a4                last_free
 .bss.first_free
                0x00000000200004a8        0x4 malloc.o
                0x00000000200004a8                first_free
 *fill*         0x00000000200004ac        0x4 
 .bss.ticks     0x00000000200004b0        0x8 stm32f4_vector.o
 .bss.udp_callback
                0x00000000200004b8        0x4 udp.o
 .bss.bytes.0   0x00000000200004bc        0x4 usart.o
 .bss.uartfifo  0x00000000200004c0      0x1b0 usart.o
 .bss.USB_OTG_dev
                0x0000000020000670      0x5f0 usart.o
                0x0000000020000670                USB_OTG_dev
 .bss.FrameCount.0
                0x0000000020000c60        0x4 usbd_cdc_core.o
 .bss.cdcLen    0x0000000020000c64        0x4 usbd_cdc_core.o
 .bss.USB_Tx_State
                0x0000000020000c68        0x1 usbd_cdc_core.o
                0x0000000020000c68                USB_Tx_State
 *fill*         0x0000000020000c69        0x3 
 .bss.APP_Rx_length
                0x0000000020000c6c        0x4 usbd_cdc_core.o
                0x0000000020000c6c                APP_Rx_length
 .bss.APP_Rx_ptr_out
                0x0000000020000c70        0x4 usbd_cdc_core.o
                0x0000000020000c70                APP_Rx_ptr_out
 .bss.APP_Rx_ptr_in
                0x0000000020000c74        0x4 usbd_cdc_core.o
                0x0000000020000c74                APP_Rx_ptr_in
 .bss.CmdBuff   0x0000000020000c78        0x8 usbd_cdc_core.o
                0x0000000020000c78                CmdBuff
 .bss.APP_Rx_Buffer
                0x0000000020000c80      0x800 usbd_cdc_core.o
                0x0000000020000c80                APP_Rx_Buffer
 .bss.USB_Rx_Buffer
                0x0000000020001480       0x40 usbd_cdc_core.o
                0x0000000020001480                USB_Rx_Buffer
 .bss.usbd_cdc_AltSet
                0x00000000200014c0        0x4 usbd_cdc_core.o
 .bss.APP_tx_ptr_tail
                0x00000000200014c4        0x4 usbd_cdc_vcp.o
                0x00000000200014c4                APP_tx_ptr_tail
 .bss.APP_tx_ptr_head
                0x00000000200014c8        0x4 usbd_cdc_vcp.o
                0x00000000200014c8                APP_tx_ptr_head
 .bss.APP_Tx_Buffer
                0x00000000200014cc      0x400 usbd_cdc_vcp.o
                0x00000000200014cc                APP_Tx_Buffer
 .bss.cfgidx.0  0x00000000200018cc        0x1 usbd_req.o
 *fill*         0x00000000200018cd        0x3 
 .bss.USBD_StrDesc
                0x00000000200018d0       0x32 usbd_req.o
                0x00000000200018d0                USBD_StrDesc
 *fill*         0x0000000020001902        0x2 
 .bss.USBD_cfg_status
                0x0000000020001904        0x4 usbd_req.o
                0x0000000020001904                USBD_cfg_status
 .bss.USBD_default_cfg
                0x0000000020001908        0x4 usbd_req.o
                0x0000000020001908                USBD_default_cfg
 .bss.USBD_ep_status
                0x000000002000190c        0x4 usbd_req.o
                0x000000002000190c                USBD_ep_status
 .bss.USB_CDC_STATUS
                0x0000000020001910        0x1 usbd_usr.o
                0x0000000020001910                USB_CDC_STATUS
 *(COMMON)
                0x0000000020001914                . = ALIGN (0x4)
 *fill*         0x0000000020001911        0x3 
                0x0000000020001914                _ebss = .
                0x0000000020001914                . = _heap_start

.heap           0x0000000020001914     0xc6ec load address 0x00000000080066ec
                0x0000000020001914                . = ALIGN (0x4)
                [!provide]                        PROVIDE (end = .)
                [!provide]                        PROVIDE (_end = .)
                0x000000002000e000                . = (. + _heap_size)
 *fill*         0x0000000020001914     0xc6ec 
                0x000000002000e000                . = ALIGN (0x4)
                0x000000002000e000                . = _stack_end

.stack          0x000000002000e000     0x2000 load address 0x0000000008012dd8
                0x000000002000e000                . = ALIGN (0x4)
                0x0000000020010000                . = (. + _stack_size)
 *fill*         0x000000002000e000     0x2000 
                0x0000000020010000                . = ALIGN (0x4)
LOAD MY_DHT22.o
LOAD adc.o
LOAD aeabi.o
LOAD arp.o
LOAD bootp.o
LOAD coos.o
LOAD eth_netif.o
LOAD hw_res.o
LOAD icmp.o
LOAD ieee754.o
LOAD ip.o
LOAD libc.o
LOAD main.o
LOAD malloc.o
LOAD misc.o
LOAD muldiv.o
LOAD pwm.o
LOAD setjmp.o
LOAD stm32f4_vector.o
LOAD stm32f4xx_adc.o
LOAD stm32f4xx_exti.o
LOAD stm32f4xx_gpio.o
LOAD stm32f4xx_i2c.o
LOAD stm32f4xx_rcc.o
LOAD stm32f4xx_spi.o
LOAD stm32f4xx_syscfg.o
LOAD stm32f4xx_tim.o
LOAD stm32f4xx_usart.o
LOAD system_stm32f4xx.o
LOAD tuntap_if.o
LOAD udp.o
LOAD usart.o
LOAD usb_bsp.o
LOAD usb_core.o
LOAD usb_dcd.o
LOAD usb_dcd_int.o
LOAD usbd_cdc_core.o
LOAD usbd_cdc_vcp.o
LOAD usbd_core.o
LOAD usbd_desc.o
LOAD usbd_ioreq.o
LOAD usbd_req.o
LOAD usbd_usr.o
LOAD utils.o
OUTPUT(firmware.elf elf32-littlearm)
LOAD linker stubs

.comment        0x0000000000000000       0x45
 .comment       0x0000000000000000       0x45 MY_DHT22.o
                                         0x46 (size before relaxing)
 .comment       0x0000000000000045       0x46 adc.o
 .comment       0x0000000000000045       0x46 arp.o
 .comment       0x0000000000000045       0x46 coos.o
 .comment       0x0000000000000045       0x46 eth_netif.o
 .comment       0x0000000000000045       0x46 hw_res.o
 .comment       0x0000000000000045       0x46 icmp.o
 .comment       0x0000000000000045       0x46 ieee754.o
 .comment       0x0000000000000045       0x46 ip.o
 .comment       0x0000000000000045       0x46 libc.o
 .comment       0x0000000000000045       0x46 main.o
 .comment       0x0000000000000045       0x46 malloc.o
 .comment       0x0000000000000045       0x46 misc.o
 .comment       0x0000000000000045       0x46 pwm.o
 .comment       0x0000000000000045       0x46 stm32f4_vector.o
 .comment       0x0000000000000045       0x46 stm32f4xx_adc.o
 .comment       0x0000000000000045       0x46 stm32f4xx_gpio.o
 .comment       0x0000000000000045       0x46 stm32f4xx_rcc.o
 .comment       0x0000000000000045       0x46 stm32f4xx_tim.o
 .comment       0x0000000000000045       0x46 stm32f4xx_usart.o
 .comment       0x0000000000000045       0x46 system_stm32f4xx.o
 .comment       0x0000000000000045       0x46 tuntap_if.o
 .comment       0x0000000000000045       0x46 udp.o
 .comment       0x0000000000000045       0x46 usart.o
 .comment       0x0000000000000045       0x46 usb_bsp.o
 .comment       0x0000000000000045       0x46 usb_core.o
 .comment       0x0000000000000045       0x46 usb_dcd.o
 .comment       0x0000000000000045       0x46 usb_dcd_int.o
 .comment       0x0000000000000045       0x46 usbd_cdc_core.o
 .comment       0x0000000000000045       0x46 usbd_cdc_vcp.o
 .comment       0x0000000000000045       0x46 usbd_core.o
 .comment       0x0000000000000045       0x46 usbd_desc.o
 .comment       0x0000000000000045       0x46 usbd_ioreq.o
 .comment       0x0000000000000045       0x46 usbd_req.o
 .comment       0x0000000000000045       0x46 usbd_usr.o
 .comment       0x0000000000000045       0x46 utils.o

.ARM.attributes
                0x0000000000000000       0x32
 .ARM.attributes
                0x0000000000000000       0x34 MY_DHT22.o
 .ARM.attributes
                0x0000000000000034       0x34 adc.o
 .ARM.attributes
                0x0000000000000068       0x34 arp.o
 .ARM.attributes
                0x000000000000009c       0x34 coos.o
 .ARM.attributes
                0x00000000000000d0       0x34 eth_netif.o
 .ARM.attributes
                0x0000000000000104       0x34 hw_res.o
 .ARM.attributes
                0x0000000000000138       0x34 icmp.o
 .ARM.attributes
                0x000000000000016c       0x34 ieee754.o
 .ARM.attributes
                0x00000000000001a0       0x34 ip.o
 .ARM.attributes
                0x00000000000001d4       0x34 libc.o
 .ARM.attributes
                0x0000000000000208       0x34 main.o
 .ARM.attributes
                0x000000000000023c       0x34 malloc.o
 .ARM.attributes
                0x0000000000000270       0x34 misc.o
 .ARM.attributes
                0x00000000000002a4       0x34 pwm.o
 .ARM.attributes
                0x00000000000002d8       0x34 stm32f4_vector.o
 .ARM.attributes
                0x000000000000030c       0x34 stm32f4xx_adc.o
 .ARM.attributes
                0x0000000000000340       0x34 stm32f4xx_gpio.o
 .ARM.attributes
                0x0000000000000374       0x34 stm32f4xx_rcc.o
 .ARM.attributes
                0x00000000000003a8       0x34 stm32f4xx_tim.o
 .ARM.attributes
                0x00000000000003dc       0x34 stm32f4xx_usart.o
 .ARM.attributes
                0x0000000000000410       0x34 system_stm32f4xx.o
 .ARM.attributes
                0x0000000000000444       0x34 tuntap_if.o
 .ARM.attributes
                0x0000000000000478       0x34 udp.o
 .ARM.attributes
                0x00000000000004ac       0x34 usart.o
 .ARM.attributes
                0x00000000000004e0       0x34 usb_bsp.o
 .ARM.attributes
                0x0000000000000514       0x34 usb_core.o
 .ARM.attributes
                0x0000000000000548       0x34 usb_dcd.o
 .ARM.attributes
                0x000000000000057c       0x34 usb_dcd_int.o
 .ARM.attributes
                0x00000000000005b0       0x34 usbd_cdc_core.o
 .ARM.attributes
                0x00000000000005e4       0x34 usbd_cdc_vcp.o
 .ARM.attributes
                0x0000000000000618       0x34 usbd_core.o
 .ARM.attributes
                0x000000000000064c       0x34 usbd_desc.o
 .ARM.attributes
                0x0000000000000680       0x34 usbd_ioreq.o
 .ARM.attributes
                0x00000000000006b4       0x34 usbd_req.o
 .ARM.attributes
                0x00000000000006e8       0x34 usbd_usr.o
 .ARM.attributes
                0x000000000000071c       0x34 utils.o
